Archive member included to satisfy reference by file (symbol)

C:/msys32/home/baabe/esp-idf/examples/get-started/adc/build/cxx\libcxx.a(cxx_exception_stubs.o)
                              (__cxx_fatal_exception)
C:/msys32/home/baabe/esp-idf/examples/get-started/adc/build/cxx\libcxx.a(cxx_guards.o)
                              (__cxa_guard_dummy)
C:/msys32/home/baabe/esp-idf/examples/get-started/adc/build/esp32\libesp32.a(cpu_start.o)
                              (call_start_cpu0)
C:/msys32/home/baabe/esp-idf/examples/get-started/adc/build/esp32\libesp32.a(dbg_stubs.o)
                              C:/msys32/home/baabe/esp-idf/examples/get-started/adc/build/esp32\libesp32.a(cpu_start.o) (esp_dbg_stubs_init)
C:/msys32/home/baabe/esp-idf/examples/get-started/adc/build/esp32\libesp32.a(task_wdt.o)
                              C:/msys32/home/baabe/esp-idf/examples/get-started/adc/build/esp32\libesp32.a(cpu_start.o) (esp_task_wdt_init)
C:/msys32/home/baabe/esp-idf/examples/get-started/adc/build/esp32\libesp32.a(reset_reason.o)
                              C:/msys32/home/baabe/esp-idf/examples/get-started/adc/build/esp32\libesp32.a(task_wdt.o) (esp_reset_reason_set_hint)
C:/msys32/home/baabe/esp-idf/examples/get-started/adc/build/esp32\libesp32.a(panic.o)
                              C:/msys32/home/baabe/esp-idf/examples/get-started/adc/build/cxx\libcxx.a(cxx_exception_stubs.o) (abort)
C:/msys32/home/baabe/esp-idf/examples/get-started/adc/build/esp32\libesp32.a(dport_panic_highint_hdl.o)
                              (ld_include_panic_highint_hdl)
C:/msys32/home/baabe/esp-idf/examples/get-started/adc/build/esp32\libesp32.a(int_wdt.o)
                              C:/msys32/home/baabe/esp-idf/examples/get-started/adc/build/esp32\libesp32.a(dport_panic_highint_hdl.o) (int_wdt_app_cpu_ticked)
C:/msys32/home/baabe/esp-idf/examples/get-started/adc/build/esp32\libesp32.a(brownout.o)
                              C:/msys32/home/baabe/esp-idf/examples/get-started/adc/build/esp32\libesp32.a(cpu_start.o) (esp_brownout_init)
C:/msys32/home/baabe/esp-idf/examples/get-started/adc/build/esp32\libesp32.a(system_api.o)
                              C:/msys32/home/baabe/esp-idf/examples/get-started/adc/build/esp32\libesp32.a(panic.o) (esp_restart_noos)
C:/msys32/home/baabe/esp-idf/examples/get-started/adc/build/esp32\libesp32.a(dport_access.o)
                              C:/msys32/home/baabe/esp-idf/examples/get-started/adc/build/esp32\libesp32.a(dport_panic_highint_hdl.o) (dport_access_start)
C:/msys32/home/baabe/esp-idf/examples/get-started/adc/build/esp32\libesp32.a(esp_timer.o)
                              C:/msys32/home/baabe/esp-idf/examples/get-started/adc/build/esp32\libesp32.a(cpu_start.o) (esp_timer_init)
C:/msys32/home/baabe/esp-idf/examples/get-started/adc/build/esp32\libesp32.a(esp_err_to_name.o)
                              C:/msys32/home/baabe/esp-idf/examples/get-started/adc/build/esp32\libesp32.a(panic.o) (esp_err_to_name)
C:/msys32/home/baabe/esp-idf/examples/get-started/adc/build/esp32\libesp32.a(intr_alloc.o)
                              C:/msys32/home/baabe/esp-idf/examples/get-started/adc/build/esp32\libesp32.a(task_wdt.o) (esp_intr_alloc)
C:/msys32/home/baabe/esp-idf/examples/get-started/adc/build/esp32\libesp32.a(ipc.o)
                              C:/msys32/home/baabe/esp-idf/examples/get-started/adc/build/esp32\libesp32.a(cpu_start.o) (esp_ipc_init)
C:/msys32/home/baabe/esp-idf/examples/get-started/adc/build/esp32\libesp32.a(cache_err_int.o)
                              C:/msys32/home/baabe/esp-idf/examples/get-started/adc/build/esp32\libesp32.a(cpu_start.o) (esp_cache_err_int_init)
C:/msys32/home/baabe/esp-idf/examples/get-started/adc/build/esp32\libesp32.a(freertos_hooks.o)
                              C:/msys32/home/baabe/esp-idf/examples/get-started/adc/build/esp32\libesp32.a(task_wdt.o) (esp_register_freertos_idle_hook_for_cpu)
C:/msys32/home/baabe/esp-idf/examples/get-started/adc/build/esp32\libesp32.a(clk.o)
                              C:/msys32/home/baabe/esp-idf/examples/get-started/adc/build/esp32\libesp32.a(cpu_start.o) (esp_clk_init)
C:/msys32/home/baabe/esp-idf/examples/get-started/adc/build/esp32\libesp32.a(esp_timer_esp32.o)
                              C:/msys32/home/baabe/esp-idf/examples/get-started/adc/build/esp32\libesp32.a(esp_timer.o) (esp_timer_impl_get_time)
C:/msys32/home/baabe/esp-idf/examples/get-started/adc/build/esp32\libesp32.a(crosscore_int.o)
                              C:/msys32/home/baabe/esp-idf/examples/get-started/adc/build/esp32\libesp32.a(cpu_start.o) (esp_crosscore_int_init)
C:/msys32/home/baabe/esp-idf/components/esp32/libhal.a(int_asm--set_intclear.o)
                              C:/msys32/home/baabe/esp-idf/examples/get-started/adc/build/esp32\libesp32.a(intr_alloc.o) (xthal_set_intclear)
C:/msys32/home/baabe/esp-idf/examples/get-started/adc/build/freertos\libfreertos.a(FreeRTOS-openocd.o)
[...]
Memory Configuration

Name             Origin             Length             Attributes
iram0_0_seg      0x40080000         0x00020000         xr
iram0_2_seg      0x400d0018         0x0032ffe8         xr
dram0_0_seg      0x3ffb0000         0x0002c200         rw
drom0_0_seg      0x3f400018         0x003fffe8         r
rtc_iram_seg     0x400c0000         0x00002000         xrw
rtc_slow_seg     0x50000000         0x00001000         rw
*default*        0x00000000         0xffffffff

Linker script and memory map

START GROUP
LOAD C:/msys32/home/baabe/esp-idf/examples/get-started/adc/build/DHT22\libDHT22.a
LOAD C:/msys32/home/baabe/esp-idf/examples/get-started/adc/build/app_trace\libapp_trace.a
LOAD C:/msys32/home/baabe/esp-idf/examples/get-started/adc/build/app_update\libapp_update.a
LOAD C:/msys32/home/baabe/esp-idf/examples/get-started/adc/build/asio\libasio.a
LOAD C:/msys32/home/baabe/esp-idf/examples/get-started/adc/build/bootloader_support\libbootloader_support.a
LOAD C:/msys32/home/baabe/esp-idf/examples/get-started/adc/build/bt\libbt.a
LOAD C:/msys32/home/baabe/esp-idf/examples/get-started/adc/build/coap\libcoap.a
LOAD C:/msys32/home/baabe/esp-idf/examples/get-started/adc/build/console\libconsole.a
LOAD C:/msys32/home/baabe/esp-idf/examples/get-started/adc/build/cxx\libcxx.a
LOAD C:/msys32/home/baabe/esp-idf/examples/get-started/adc/build/driver\libdriver.a
LOAD C:/msys32/home/baabe/esp-idf/examples/get-started/adc/build/esp-tls\libesp-tls.a
LOAD C:/msys32/home/baabe/esp-idf/examples/get-started/adc/build/esp32\libesp32.a
LOAD C:/msys32/home/baabe/esp-idf/components/esp32/libhal.a
LOAD C:/msys32/home/baabe/esp-idf/components/esp32/lib\libcore.a
LOAD C:/msys32/home/baabe/esp-idf/components/esp32/lib\librtc.a
LOAD C:/msys32/home/baabe/esp-idf/components/esp32/lib\libnet80211.a
LOAD C:/msys32/home/baabe/esp-idf/components/esp32/lib\libpp.a
LOAD C:/msys32/home/baabe/esp-idf/components/esp32/lib\libwpa.a
LOAD C:/msys32/home/baabe/esp-idf/components/esp32/lib\libsmartconfig.a
LOAD C:/msys32/home/baabe/esp-idf/components/esp32/lib\libcoexist.a
LOAD C:/msys32/home/baabe/esp-idf/components/esp32/lib\libwps.a
LOAD C:/msys32/home/baabe/esp-idf/components/esp32/lib\libwpa2.a
LOAD C:/msys32/home/baabe/esp-idf/components/esp32/lib\libespnow.a
LOAD C:/msys32/home/baabe/esp-idf/components/esp32/lib\libphy.a
LOAD C:/msys32/home/baabe/esp-idf/components/esp32/lib\libmesh.a
LOAD C:/msys32/home/baabe/esp-idf/examples/get-started/adc/build/esp32-smbus\libesp32-smbus.a
LOAD C:/msys32/home/baabe/esp-idf/examples/get-started/adc/build/esp32-tsl2561\libesp32-tsl2561.a
LOAD C:/msys32/home/baabe/esp-idf/examples/get-started/adc/build/esp_adc_cal\libesp_adc_cal.a
LOAD C:/msys32/home/baabe/esp-idf/examples/get-started/adc/build/esp_http_client\libesp_http_client.a
LOAD C:/msys32/home/baabe/esp-idf/examples/get-started/adc/build/esp_https_ota\libesp_https_ota.a
LOAD C:/msys32/home/baabe/esp-idf/examples/get-started/adc/build/espmqtt\libespmqtt.a
LOAD C:/msys32/home/baabe/esp-idf/examples/get-started/adc/build/ethernet\libethernet.a
LOAD C:/msys32/home/baabe/esp-idf/examples/get-started/adc/build/expat\libexpat.a
LOAD C:/msys32/home/baabe/esp-idf/examples/get-started/adc/build/fatfs\libfatfs.a
LOAD C:/msys32/home/baabe/esp-idf/examples/get-started/adc/build/freertos\libfreertos.a
LOAD C:/msys32/home/baabe/esp-idf/examples/get-started/adc/build/heap\libheap.a
LOAD C:/msys32/home/baabe/esp-idf/examples/get-started/adc/build/http_server\libhttp_server.a
LOAD C:/msys32/home/baabe/esp-idf/examples/get-started/adc/build/idf_test\libidf_test.a
LOAD C:/msys32/home/baabe/esp-idf/examples/get-started/adc/build/jsmn\libjsmn.a
LOAD C:/msys32/home/baabe/esp-idf/examples/get-started/adc/build/json\libjson.a
LOAD C:/msys32/home/baabe/esp-idf/examples/get-started/adc/build/libsodium\liblibsodium.a
LOAD C:/msys32/home/baabe/esp-idf/examples/get-started/adc/build/log\liblog.a
LOAD C:/msys32/home/baabe/esp-idf/examples/get-started/adc/build/lwip\liblwip.a
LOAD C:/msys32/home/baabe/esp-idf/examples/get-started/adc/build/main\libmain.a
LOAD C:/msys32/home/baabe/esp-idf/examples/get-started/adc/build/mbedtls\libmbedtls.a
LOAD C:/msys32/home/baabe/esp-idf/examples/get-started/adc/build/mdns\libmdns.a
LOAD C:/msys32/home/baabe/esp-idf/examples/get-started/adc/build/micro-ecc\libmicro-ecc.a
LOAD C:/msys32/home/baabe/esp-idf/components/newlib/lib/libc.a
LOAD C:/msys32/home/baabe/esp-idf/components/newlib/lib/libm.a
LOAD C:/msys32/home/baabe/esp-idf/examples/get-started/adc/build/newlib\libnewlib.a
LOAD C:/msys32/home/baabe/esp-idf/examples/get-started/adc/build/nghttp\libnghttp.a
LOAD C:/msys32/home/baabe/esp-idf/examples/get-started/adc/build/nvs_flash\libnvs_flash.a
LOAD C:/msys32/home/baabe/esp-idf/examples/get-started/adc/build/openssl\libopenssl.a
LOAD C:/msys32/home/baabe/esp-idf/examples/get-started/adc/build/pthread\libpthread.a
LOAD C:/msys32/home/baabe/esp-idf/examples/get-started/adc/build/sdmmc\libsdmmc.a
LOAD C:/msys32/home/baabe/esp-idf/examples/get-started/adc/build/smartconfig_ack\libsmartconfig_ack.a
LOAD C:/msys32/home/baabe/esp-idf/examples/get-started/adc/build/soc\libsoc.a
LOAD C:/msys32/home/baabe/esp-idf/examples/get-started/adc/build/spi_flash\libspi_flash.a
LOAD C:/msys32/home/baabe/esp-idf/examples/get-started/adc/build/spiffs\libspiffs.a
LOAD C:/msys32/home/baabe/esp-idf/examples/get-started/adc/build/tcpip_adapter\libtcpip_adapter.a
LOAD C:/msys32/home/baabe/esp-idf/examples/get-started/adc/build/ulp\libulp.a
LOAD C:/msys32/home/baabe/esp-idf/examples/get-started/adc/build/vfs\libvfs.a
LOAD C:/msys32/home/baabe/esp-idf/examples/get-started/adc/build/wear_levelling\libwear_levelling.a
LOAD C:/msys32/home/baabe/esp-idf/examples/get-started/adc/build/wpa_supplicant\libwpa_supplicant.a
LOAD C:/msys32/home/baabe/esp-idf/examples/get-started/adc/build/xtensa-debug-module\libxtensa-debug-module.a
LOAD c:/msys32/opt/xtensa-esp32-elf/bin/../lib/gcc/xtensa-esp32-elf/5.2.0\libgcc.a
LOAD c:/msys32/opt/xtensa-esp32-elf/bin/../lib/gcc/xtensa-esp32-elf/5.2.0/../../../../xtensa-esp32-elf/lib\libstdc++.a
LOAD c:/msys32/opt/xtensa-esp32-elf/bin/../lib/gcc/xtensa-esp32-elf/5.2.0\libgcov.a
END GROUP
                0x40000000                _heap_end = 0x40000000

.rtc.text       0x400c0000        0x0
                0x400c0000                . = ALIGN (0x4)
 *(.rtc.literal .rtc.text)
 *rtc_wake_stub*.o(.literal .text .literal.* .text.*)

.rtc.data       0x50000000        0x0
                0x50000000                _rtc_data_start = ABSOLUTE (.)
 *(.rtc.data)
 *(.rtc.rodata)
 *rtc_wake_stub*.o(.data .rodata .data.* .rodata.* .bss .bss.*)
                0x50000000                _rtc_data_end = ABSOLUTE (.)

.rtc.bss        0x50000000        0x0
                0x50000000                _rtc_bss_start = ABSOLUTE (.)
 *rtc_wake_stub*.o(.bss .bss.*)
 *rtc_wake_stub*.o(COMMON)
 *(.rtc.bss)
                0x50000000                _rtc_bss_end = ABSOLUTE (.)

.rtc_noinit     0x50000000        0x0
                0x50000000                . = ALIGN (0x4)
                0x50000000                _rtc_noinit_start = ABSOLUTE (.)
 *(.rtc_noinit .rtc_noinit.*)
                0x50000000                . = ALIGN (0x4)
                0x50000000                _rtc_noinit_end = ABSOLUTE (.)

.iram0.vectors  0x40080000      0x400
                0x40080000                _iram_start = ABSOLUTE (.)
                0x40080000                _init_start = ABSOLUTE (.)
                0x00000000                . = 0x0
 *(.WindowVectors.text)
 .WindowVectors.text
                0x40080000      0x16a C:/msys32/home/baabe/esp-idf/examples/get-started/adc/build/freertos\libfreertos.a(xtensa_vectors.o)
                0x40080000                _WindowOverflow4
                0x40080040                _WindowUnderflow4
                0x40080050                _xt_alloca_exc
                0x40080080                _WindowOverflow8
                0x400800c0                _WindowUnderflow8
                0x40080100                _WindowOverflow12
                0x40080140                _WindowUnderflow12
                0x00000180                . = 0x180
 *fill*         0x4008016a       0x16 
 *(.Level2InterruptVector.text)
 .Level2InterruptVector.text
                0x40080180        0x6 C:/msys32/home/baabe/esp-idf/examples/get-started/adc/build/freertos\libfreertos.a(xtensa_vectors.o)
                0x40080180                _Level2Vector
                0x000001c0                . = 0x1c0
 *fill*         0x40080186       0x3a 
 *(.Level3InterruptVector.text)
 .Level3InterruptVector.text
                0x400801c0        0x6 C:/msys32/home/baabe/esp-idf/examples/get-started/adc/build/freertos\libfreertos.a(xtensa_vectors.o)
                0x400801c0                _Level3Vector
                0x00000200                . = 0x200
 *fill*         0x400801c6       0x3a 
 *(.Level4InterruptVector.text)
 .Level4InterruptVector.text
                0x40080200        0x6 C:/msys32/home/baabe/esp-idf/examples/get-started/adc/build/freertos\libfreertos.a(xtensa_vectors.o)
                0x40080200                _Level4Vector
                0x00000240                . = 0x240
 *fill*         0x40080206       0x3a 
 *(.Level5InterruptVector.text)
 .Level5InterruptVector.text
                0x40080240        0x6 C:/msys32/home/baabe/esp-idf/examples/get-started/adc/build/freertos\libfreertos.a(xtensa_vectors.o)
                0x40080240                _Level5Vector
                0x00000280                . = 0x280
 *fill*         0x40080246       0x3a 
 *(.DebugExceptionVector.text)
 .DebugExceptionVector.text
                0x40080280        0x6 C:/msys32/home/baabe/esp-idf/examples/get-started/adc/build/freertos\libfreertos.a(xtensa_vectors.o)
                0x40080280                _DebugExceptionVector
                0x000002c0                . = 0x2c0
 *fill*         0x40080286       0x3a 
 *(.NMIExceptionVector.text)
 .NMIExceptionVector.text
                0x400802c0        0x6 C:/msys32/home/baabe/esp-idf/examples/get-started/adc/build/freertos\libfreertos.a(xtensa_vectors.o)
                0x400802c0                _NMIExceptionVector
                0x00000300                . = 0x300
 *fill*         0x400802c6       0x3a 
 *(.KernelExceptionVector.text)
 .KernelExceptionVector.text
                0x40080300        0x6 C:/msys32/home/baabe/esp-idf/examples/get-started/adc/build/freertos\libfreertos.a(xtensa_vectors.o)
                0x40080300                _KernelExceptionVector
                0x00000340                . = 0x340
 *fill*         0x40080306       0x3a 
 *(.UserExceptionVector.text)
 .UserExceptionVector.text
                0x40080340        0x6 C:/msys32/home/baabe/esp-idf/examples/get-started/adc/build/freertos\libfreertos.a(xtensa_vectors.o)
                0x40080340                _UserExceptionVector
                0x000003c0                . = 0x3c0
 *fill*         0x40080346       0x7a 
 *(.DoubleExceptionVector.text)
 .DoubleExceptionVector.text
                0x400803c0        0xf C:/msys32/home/baabe/esp-idf/examples/get-started/adc/build/freertos\libfreertos.a(xtensa_vectors.o)
                0x400803c0                _DoubleExceptionVector
                0x00000400                . = 0x400
 *fill*         0x400803cf       0x31 
 *(.*Vector.literal)
 *(.UserEnter.literal)
 *(.UserEnter.text)
                0x40080400                . = ALIGN (0x10)
 *(.entry.text)
 *(.init.literal)
 *(.init)
                0x40080400                _init_end = ABSOLUTE (.)

.iram0.text     0x40080400     0x8bf4
                0x40080400                _iram_text_start = ABSOLUTE (.)
 *(.iram1 .iram1.*)
 .iram1.literal
                0x40080400       0xa8 C:/msys32/home/baabe/esp-idf/examples/get-started/adc/build/esp32\libesp32.a(cpu_start.o)
                                0x1c4 (size before relaxing)
 .iram1.literal
                0x400804a8       0x18 C:/msys32/home/baabe/esp-idf/examples/get-started/adc/build/esp32\libesp32.a(reset_reason.o)
                                 0x20 (size before relaxing)
 .iram1.literal
                0x400804c0       0x24 C:/msys32/home/baabe/esp-idf/examples/get-started/adc/build/esp32\libesp32.a(dport_panic_highint_hdl.o)
                                 0x28 (size before relaxing)
 .iram1.literal
                0x400804e4        0x8 C:/msys32/home/baabe/esp-idf/examples/get-started/adc/build/esp32\libesp32.a(int_wdt.o)
                                  0xc (size before relaxing)
 .iram1.literal
                0x400804ec       0x54 C:/msys32/home/baabe/esp-idf/examples/get-started/adc/build/esp32\libesp32.a(system_api.o)
                                 0xd0 (size before relaxing)
 .iram1.literal
                0x40080540       0x28 C:/msys32/home/baabe/esp-idf/examples/get-started/adc/build/esp32\libesp32.a(dport_access.o)
                                 0x88 (size before relaxing)
 .iram1.literal
                0x40080568       0x24 C:/msys32/home/baabe/esp-idf/examples/get-started/adc/build/esp32\libesp32.a(esp_timer.o)
                                 0x60 (size before relaxing)
 .iram1.literal
                0x4008058c       0x20 C:/msys32/home/baabe/esp-idf/examples/get-started/adc/build/esp32\libesp32.a(intr_alloc.o)
                                 0x7c (size before relaxing)
 .iram1.literal
                0x400805ac       0x20 C:/msys32/home/baabe/esp-idf/examples/get-started/adc/build/esp32\libesp32.a(ipc.o)
                                 0x34 (size before relaxing)
 .iram1.literal
                0x400805cc        0xc C:/msys32/home/baabe/esp-idf/examples/get-started/adc/build/esp32\libesp32.a(cache_err_int.o)
                                 0x18 (size before relaxing)
 .iram1.literal
                0x400805d8        0x4 C:/msys32/home/baabe/esp-idf/examples/get-started/adc/build/esp32\libesp32.a(freertos_hooks.o)
 .iram1.literal
                0x400805dc        0xc C:/msys32/home/baabe/esp-idf/examples/get-started/adc/build/esp32\libesp32.a(clk.o)
                                 0x20 (size before relaxing)
 .iram1.literal
                0x400805e8       0x60 C:/msys32/home/baabe/esp-idf/examples/get-started/adc/build/esp32\libesp32.a(esp_timer_esp32.o)
                                 0xf8 (size before relaxing)
 .iram1.literal
                0x40080648       0x1c C:/msys32/home/baabe/esp-idf/examples/get-started/adc/build/esp32\libesp32.a(crosscore_int.o)
                                 0x40 (size before relaxing)
 .iram1.literal
                0x40080664        0x4 C:/msys32/home/baabe/esp-idf/examples/get-started/adc/build/freertos\libfreertos.a(port.o)
 .iram1.literal
                0x40080668       0x44 C:/msys32/home/baabe/esp-idf/examples/get-started/adc/build/freertos\libfreertos.a(xtensa_vectors.o)
                                 0x68 (size before relaxing)
 .iram1.literal
                0x400806ac       0x58 C:/msys32/home/baabe/esp-idf/examples/get-started/adc/build/heap\libheap.a(heap_caps.o)
                                 0xb0 (size before relaxing)
 .iram1.literal
                0x40080704       0x24 C:/msys32/home/baabe/esp-idf/examples/get-started/adc/build/log\liblog.a(log.o)
                                 0x48 (size before relaxing)
 .iram1.literal
                0x40080728       0x14 C:/msys32/home/baabe/esp-idf/examples/get-started/adc/build/newlib\libnewlib.a(locks.o)
                                 0x90 (size before relaxing)
 .iram1.literal
                0x4008073c        0x4 C:/msys32/home/baabe/esp-idf/examples/get-started/adc/build/newlib\libnewlib.a(syscalls.o)
                                 0x14 (size before relaxing)
 .iram1.literal
                0x40080740        0x8 C:/msys32/home/baabe/esp-idf/examples/get-started/adc/build/newlib\libnewlib.a(reent_init.o)
                                 0x10 (size before relaxing)
 .iram1.literal
                0x40080748        0x4 C:/msys32/home/baabe/esp-idf/examples/get-started/adc/build/newlib\libnewlib.a(time.o)
                                 0x1c (size before relaxing)
 .iram1.literal
                0x4008074c       0x1c C:/msys32/home/baabe/esp-idf/examples/get-started/adc/build/soc\libsoc.a(cpu_util.o)
                                 0x30 (size before relaxing)
 .iram1.literal
                0x40080768       0x38 C:/msys32/home/baabe/esp-idf/examples/get-started/adc/build/spi_flash\libspi_flash.a(flash_ops.o)
                                 0xe4 (size before relaxing)
 .iram1.literal
                0x400807a0       0x50 C:/msys32/home/baabe/esp-idf/examples/get-started/adc/build/spi_flash\libspi_flash.a(cache_utils.o)
                                0x120 (size before relaxing)
 .iram1.literal
                0x400807f0       0x4c C:/msys32/home/baabe/esp-idf/examples/get-started/adc/build/spi_flash\libspi_flash.a(flash_mmap.o)
                                0x11c (size before relaxing)
 .literal.prvResetNextTaskUnblockTime
                0x4008083c        0x8 C:/msys32/home/baabe/esp-idf/examples/get-started/adc/build/freertos\libfreertos.a(tasks.o)
 .literal.prvDeleteTLS
                0x40080844       0x10 C:/msys32/home/baabe/esp-idf/examples/get-started/adc/build/freertos\libfreertos.a(tasks.o)
                                 0x18 (size before relaxing)
 .literal.prvInitialiseNewTask
                0x40080854        0x0 C:/msys32/home/baabe/esp-idf/examples/get-started/adc/build/freertos\libfreertos.a(tasks.o)
                                 0x18 (size before relaxing)
 .literal.prvInitialiseTaskLists
                0x40080854       0x20 C:/msys32/home/baabe/esp-idf/examples/get-started/adc/build/freertos\libfreertos.a(tasks.o)
                                 0x40 (size before relaxing)
 .literal.prvDeleteTCB
                0x40080874        0x8 C:/msys32/home/baabe/esp-idf/examples/get-started/adc/build/freertos\libfreertos.a(tasks.o)
                                 0x2c (size before relaxing)
 .literal.prvAddCurrentTaskToDelayedList
                0x4008087c        0x4 C:/msys32/home/baabe/esp-idf/examples/get-started/adc/build/freertos\libfreertos.a(tasks.o)
                                 0x1c (size before relaxing)
 .literal.taskYIELD_OTHER_CORE
                0x40080880        0x0 C:/msys32/home/baabe/esp-idf/examples/get-started/adc/build/freertos\libfreertos.a(tasks.o)
                                 0x10 (size before relaxing)
 .literal.vTaskSuspendAll
                0x40080880        0x4 C:/msys32/home/baabe/esp-idf/examples/get-started/adc/build/freertos\libfreertos.a(tasks.o)
                                  0x8 (size before relaxing)
 .literal.xTaskGetIdleTaskHandleForCPU
                0x40080884        0xc C:/msys32/home/baabe/esp-idf/examples/get-started/adc/build/freertos\libfreertos.a(tasks.o)
                                 0x1c (size before relaxing)
 .literal.vTaskSwitchContext
                0x40080890       0x18 C:/msys32/home/baabe/esp-idf/examples/get-started/adc/build/freertos\libfreertos.a(tasks.o)
                                 0x3c (size before relaxing)
 .literal.vTaskSetTimeOutState
                0x400808a8        0xc C:/msys32/home/baabe/esp-idf/examples/get-started/adc/build/freertos\libfreertos.a(tasks.o)
                                 0x20 (size before relaxing)
 .literal.xTaskGetCurrentTaskHandle
                0x400808b4        0x0 C:/msys32/home/baabe/esp-idf/examples/get-started/adc/build/freertos\libfreertos.a(tasks.o)
                                  0x8 (size before relaxing)
 .literal.__getreent
                0x400808b4        0x0 C:/msys32/home/baabe/esp-idf/examples/get-started/adc/build/freertos\libfreertos.a(tasks.o)
                                  0x8 (size before relaxing)
 .literal.pcTaskGetTaskName
                0x400808b4        0x8 C:/msys32/home/baabe/esp-idf/examples/get-started/adc/build/freertos\libfreertos.a(tasks.o)
                                 0x1c (size before relaxing)
 .literal.xTaskGetAffinity
                0x400808bc        0x0 C:/msys32/home/baabe/esp-idf/examples/get-started/adc/build/freertos\libfreertos.a(tasks.o)
                                  0x4 (size before relaxing)
 .literal.xTaskGetCurrentTaskHandleForCPU
                0x400808bc        0x0 C:/msys32/home/baabe/esp-idf/examples/get-started/adc/build/freertos\libfreertos.a(tasks.o)
                                  0x4 (size before relaxing)
 .literal.xTaskGetSchedulerState
                0x400808bc        0x4 C:/msys32/home/baabe/esp-idf/examples/get-started/adc/build/freertos\libfreertos.a(tasks.o)
                                  0xc (size before relaxing)
 .literal.vTaskEnterCritical
                0x400808c0       0x20 C:/msys32/home/baabe/esp-idf/examples/get-started/adc/build/freertos\libfreertos.a(tasks.o)
                                 0x34 (size before relaxing)
 .literal.vTaskExitCritical
                0x400808e0        0xc C:/msys32/home/baabe/esp-idf/examples/get-started/adc/build/freertos\libfreertos.a(tasks.o)
                                 0x28 (size before relaxing)
 .literal.prvAddNewTaskToReadyList
                0x400808ec       0x10 C:/msys32/home/baabe/esp-idf/examples/get-started/adc/build/freertos\libfreertos.a(tasks.o)
                                 0x58 (size before relaxing)
 .literal.xTaskCreatePinnedToCore
                0x400808fc        0x0 C:/msys32/home/baabe/esp-idf/examples/get-started/adc/build/freertos\libfreertos.a(tasks.o)
                                 0x18 (size before relaxing)
 .literal.vTaskStartScheduler
                0x400808fc       0x10 C:/msys32/home/baabe/esp-idf/examples/get-started/adc/build/freertos\libfreertos.a(tasks.o)
                                 0x38 (size before relaxing)
 .literal.vTaskDelete
                0x4008090c        0x8 C:/msys32/home/baabe/esp-idf/examples/get-started/adc/build/freertos\libfreertos.a(tasks.o)
                                 0x60 (size before relaxing)
 .literal.vTaskDelay
                0x40080914        0x4 C:/msys32/home/baabe/esp-idf/examples/get-started/adc/build/freertos\libfreertos.a(tasks.o)
                                 0x38 (size before relaxing)
 .literal.uxTaskPriorityGet
                0x40080918        0x0 C:/msys32/home/baabe/esp-idf/examples/get-started/adc/build/freertos\libfreertos.a(tasks.o)
                                 0x10 (size before relaxing)
 .literal.vTaskPrioritySet
                0x40080918        0x4 C:/msys32/home/baabe/esp-idf/examples/get-started/adc/build/freertos\libfreertos.a(tasks.o)
                                 0x44 (size before relaxing)
 .literal.prvCheckTasksWaitingTermination
                0x4008091c        0x8 C:/msys32/home/baabe/esp-idf/examples/get-started/adc/build/freertos\libfreertos.a(tasks.o)
                                 0x30 (size before relaxing)
 .literal.prvIdleTask
                0x40080924        0x0 C:/msys32/home/baabe/esp-idf/examples/get-started/adc/build/freertos\libfreertos.a(tasks.o)
                                  0xc (size before relaxing)
 .literal.xTaskGetTickCount
                0x40080924        0x4 C:/msys32/home/baabe/esp-idf/examples/get-started/adc/build/freertos\libfreertos.a(tasks.o)
                                 0x10 (size before relaxing)
 .literal.xTaskIncrementTick
                0x40080928        0xc C:/msys32/home/baabe/esp-idf/examples/get-started/adc/build/freertos\libfreertos.a(tasks.o)
                                 0x78 (size before relaxing)
 .literal.xTaskResumeAll
                0x40080934        0x8 C:/msys32/home/baabe/esp-idf/examples/get-started/adc/build/freertos\libfreertos.a(tasks.o)
                                 0x5c (size before relaxing)
 .literal.vTaskPlaceOnEventList
                0x4008093c        0x8 C:/msys32/home/baabe/esp-idf/examples/get-started/adc/build/freertos\libfreertos.a(tasks.o)
                                 0x40 (size before relaxing)
 .literal.vTaskPlaceOnEventListRestricted
                0x40080944        0x8 C:/msys32/home/baabe/esp-idf/examples/get-started/adc/build/freertos\libfreertos.a(tasks.o)
                                 0x38 (size before relaxing)
 .literal.xTaskRemoveFromEventList
                0x4008094c        0x8 C:/msys32/home/baabe/esp-idf/examples/get-started/adc/build/freertos\libfreertos.a(tasks.o)
                                 0x58 (size before relaxing)
 .literal.xTaskCheckForTimeOut
                0x40080954        0xc C:/msys32/home/baabe/esp-idf/examples/get-started/adc/build/freertos\libfreertos.a(tasks.o)
                                 0x3c (size before relaxing)
 .literal.vTaskPriorityInherit
                0x40080960        0x0 C:/msys32/home/baabe/esp-idf/examples/get-started/adc/build/freertos\libfreertos.a(tasks.o)
                                 0x2c (size before relaxing)
 .literal.xTaskPriorityDisinherit
                0x40080960        0x8 C:/msys32/home/baabe/esp-idf/examples/get-started/adc/build/freertos\libfreertos.a(tasks.o)
                                 0x40 (size before relaxing)
 .literal.pvTaskIncrementMutexHeldCount
                0x40080968        0x0 C:/msys32/home/baabe/esp-idf/examples/get-started/adc/build/freertos\libfreertos.a(tasks.o)
                                 0x10 (size before relaxing)
 .literal.pxPortInitialiseStack
                0x40080968       0x10 C:/msys32/home/baabe/esp-idf/examples/get-started/adc/build/freertos\libfreertos.a(port.o)
                                 0x18 (size before relaxing)
 .literal.xPortStartScheduler
                0x40080978        0x0 C:/msys32/home/baabe/esp-idf/examples/get-started/adc/build/freertos\libfreertos.a(port.o)
                                 0x14 (size before relaxing)
 .literal.xPortSysTickHandler
                0x40080978        0x0 C:/msys32/home/baabe/esp-idf/examples/get-started/adc/build/freertos\libfreertos.a(port.o)
                                  0x8 (size before relaxing)
 .literal.vPortYieldOtherCore
                0x40080978        0x0 C:/msys32/home/baabe/esp-idf/examples/get-started/adc/build/freertos\libfreertos.a(port.o)
                                  0x4 (size before relaxing)
 .literal.vPortReleaseTaskMPUSettings
                0x40080978        0x0 C:/msys32/home/baabe/esp-idf/examples/get-started/adc/build/freertos\libfreertos.a(port.o)
                                  0x4 (size before relaxing)
 .literal.xPortInIsrContext
                0x40080978        0x0 C:/msys32/home/baabe/esp-idf/examples/get-started/adc/build/freertos\libfreertos.a(port.o)
                                  0x8 (size before relaxing)
 .literal.vPortCPUInitializeMutex
                0x40080978        0x0 C:/msys32/home/baabe/esp-idf/examples/get-started/adc/build/freertos\libfreertos.a(port.o)
                                  0x4 (size before relaxing)
 .literal.vPortCPUAcquireMutex
                0x40080978       0x14 C:/msys32/home/baabe/esp-idf/examples/get-started/adc/build/freertos\libfreertos.a(port.o)
                                 0x30 (size before relaxing)
 .literal.vPortCPUReleaseMutex
                0x4008098c        0xc C:/msys32/home/baabe/esp-idf/examples/get-started/adc/build/freertos\libfreertos.a(port.o)
                                 0x20 (size before relaxing)
 .literal._xt_tick_divisor_init
                0x40080998        0x8 C:/msys32/home/baabe/esp-idf/examples/get-started/adc/build/freertos\libfreertos.a(xtensa_init.o)
                                  0xc (size before relaxing)
 .literal.prvIsQueueFull
                0x400809a0        0x0 C:/msys32/home/baabe/esp-idf/examples/get-started/adc/build/freertos\libfreertos.a(queue.o)
                                  0x8 (size before relaxing)
 .literal.prvCopyDataToQueue
                0x400809a0        0x0 C:/msys32/home/baabe/esp-idf/examples/get-started/adc/build/freertos\libfreertos.a(queue.o)
                                  0xc (size before relaxing)
 .literal.prvNotifyQueueSetContainer
                0x400809a0       0x14 C:/msys32/home/baabe/esp-idf/examples/get-started/adc/build/freertos\libfreertos.a(queue.o)
                                 0x34 (size before relaxing)
 .literal.prvCopyDataFromQueue
                0x400809b4        0x0 C:/msys32/home/baabe/esp-idf/examples/get-started/adc/build/freertos\libfreertos.a(queue.o)
                                  0x4 (size before relaxing)
 .literal.xQueueGenericReset
                0x400809b4        0x4 C:/msys32/home/baabe/esp-idf/examples/get-started/adc/build/freertos\libfreertos.a(queue.o)
                                 0x30 (size before relaxing)
 .literal.prvInitialiseNewQueue
                0x400809b8        0x0 C:/msys32/home/baabe/esp-idf/examples/get-started/adc/build/freertos\libfreertos.a(queue.o)
                                  0x4 (size before relaxing)
 .literal.xQueueGenericCreate
                0x400809b8        0x4 C:/msys32/home/baabe/esp-idf/examples/get-started/adc/build/freertos\libfreertos.a(queue.o)
                                 0x1c (size before relaxing)
 .literal.xQueueGetMutexHolder
                0x400809bc        0x0 C:/msys32/home/baabe/esp-idf/examples/get-started/adc/build/freertos\libfreertos.a(queue.o)
                                  0x8 (size before relaxing)
 .literal.xQueueCreateCountingSemaphore
                0x400809bc        0x4 C:/msys32/home/baabe/esp-idf/examples/get-started/adc/build/freertos\libfreertos.a(queue.o)
                                 0x28 (size before relaxing)
 .literal.xQueueGenericSend
                0x400809c0        0x4 C:/msys32/home/baabe/esp-idf/examples/get-started/adc/build/freertos\libfreertos.a(queue.o)
                                 0x7c (size before relaxing)
 .literal.prvInitialiseMutex
                0x400809c4        0x0 C:/msys32/home/baabe/esp-idf/examples/get-started/adc/build/freertos\libfreertos.a(queue.o)
                                  0x8 (size before relaxing)
 .literal.xQueueCreateMutex
                0x400809c4        0x0 C:/msys32/home/baabe/esp-idf/examples/get-started/adc/build/freertos\libfreertos.a(queue.o)
                                  0x8 (size before relaxing)
 .literal.xQueueGiveMutexRecursive
                0x400809c4        0x4 C:/msys32/home/baabe/esp-idf/examples/get-started/adc/build/freertos\libfreertos.a(queue.o)
                                 0x1c (size before relaxing)
 .literal.xQueueGenericSendFromISR
                0x400809c8        0x4 C:/msys32/home/baabe/esp-idf/examples/get-started/adc/build/freertos\libfreertos.a(queue.o)
                                 0x3c (size before relaxing)
 .literal.xQueueGiveFromISR
                0x400809cc        0x4 C:/msys32/home/baabe/esp-idf/examples/get-started/adc/build/freertos\libfreertos.a(queue.o)
                                 0x30 (size before relaxing)
 .literal.xQueueGenericReceive
                0x400809d0        0x4 C:/msys32/home/baabe/esp-idf/examples/get-started/adc/build/freertos\libfreertos.a(queue.o)
                                 0x78 (size before relaxing)
 .literal.xQueueTakeMutexRecursive
                0x400809d4        0x4 C:/msys32/home/baabe/esp-idf/examples/get-started/adc/build/freertos\libfreertos.a(queue.o)
                                 0x1c (size before relaxing)
 .literal.xQueueReceiveFromISR
                0x400809d8        0x4 C:/msys32/home/baabe/esp-idf/examples/get-started/adc/build/freertos\libfreertos.a(queue.o)
                                 0x30 (size before relaxing)
 .literal.vQueueDelete
                0x400809dc        0x4 C:/msys32/home/baabe/esp-idf/examples/get-started/adc/build/freertos\libfreertos.a(queue.o)
                                 0x18 (size before relaxing)
 .literal.vQueueWaitForMessageRestricted
                0x400809e0        0x0 C:/msys32/home/baabe/esp-idf/examples/get-started/adc/build/freertos\libfreertos.a(queue.o)
                                  0xc (size before relaxing)
 .literal.xt_unhandled_interrupt
                0x400809e0        0x4 C:/msys32/home/baabe/esp-idf/examples/get-started/adc/build/freertos\libfreertos.a(xtensa_intr.o)
                                  0x8 (size before relaxing)
 .literal.xt_set_interrupt_handler
                0x400809e4        0x8 C:/msys32/home/baabe/esp-idf/examples/get-started/adc/build/freertos\libfreertos.a(xtensa_intr.o)
                                  0xc (size before relaxing)
 .literal       0x400809ec        0xc C:/msys32/home/baabe/esp-idf/examples/get-started/adc/build/freertos\libfreertos.a(portasm.o)
                                 0x54 (size before relaxing)
 .literal       0x400809f8        0x0 C:/msys32/home/baabe/esp-idf/examples/get-started/adc/build/freertos\libfreertos.a(xtensa_context.o)
                                 0x10 (size before relaxing)
 .literal.prvGetNextExpireTime
                0x400809f8        0x4 C:/msys32/home/baabe/esp-idf/examples/get-started/adc/build/freertos\libfreertos.a(timers.o)
 .literal.prvInsertTimerInActiveList
                0x400809fc        0x4 C:/msys32/home/baabe/esp-idf/examples/get-started/adc/build/freertos\libfreertos.a(timers.o)
                                 0x10 (size before relaxing)
 .literal.prvCheckForValidListAndQueue
                0x40080a00       0x1c C:/msys32/home/baabe/esp-idf/examples/get-started/adc/build/freertos\libfreertos.a(timers.o)
                                 0x44 (size before relaxing)
 .literal.xTimerCreateTimerTask
                0x40080a1c        0xc C:/msys32/home/baabe/esp-idf/examples/get-started/adc/build/freertos\libfreertos.a(timers.o)
                                 0x2c (size before relaxing)
 .literal.xTimerGenericCommand
                0x40080a28        0x0 C:/msys32/home/baabe/esp-idf/examples/get-started/adc/build/freertos\libfreertos.a(timers.o)
                                 0x14 (size before relaxing)
 .literal.prvSwitchTimerLists
                0x40080a28        0x4 C:/msys32/home/baabe/esp-idf/examples/get-started/adc/build/freertos\libfreertos.a(timers.o)
                                 0x28 (size before relaxing)
 .literal.prvSampleTimeNow
                0x40080a2c        0x4 C:/msys32/home/baabe/esp-idf/examples/get-started/adc/build/freertos\libfreertos.a(timers.o)
                                  0xc (size before relaxing)
 .literal.prvProcessExpiredTimer
                0x40080a30        0x4 C:/msys32/home/baabe/esp-idf/examples/get-started/adc/build/freertos\libfreertos.a(timers.o)
                                 0x24 (size before relaxing)
 .literal.prvProcessTimerOrBlockTask
                0x40080a34        0x0 C:/msys32/home/baabe/esp-idf/examples/get-started/adc/build/freertos\libfreertos.a(timers.o)
                                 0x24 (size before relaxing)
 .literal.prvProcessReceivedCommands
                0x40080a34        0x8 C:/msys32/home/baabe/esp-idf/examples/get-started/adc/build/freertos\libfreertos.a(timers.o)
                                 0x40 (size before relaxing)
 .literal.prvTimerTask
                0x40080a3c        0x0 C:/msys32/home/baabe/esp-idf/examples/get-started/adc/build/freertos\libfreertos.a(timers.o)
                                  0xc (size before relaxing)
 .literal.get_prev_free_block
                0x40080a3c       0x10 C:/msys32/home/baabe/esp-idf/examples/get-started/adc/build/heap\libheap.a(multi_heap.o)
                                 0x28 (size before relaxing)
 .literal.split_if_necessary
                0x40080a4c       0x10 C:/msys32/home/baabe/esp-idf/examples/get-started/adc/build/heap\libheap.a(multi_heap.o)
                                 0x50 (size before relaxing)
 .literal.assert_valid_block
                0x40080a5c        0x0 C:/msys32/home/baabe/esp-idf/examples/get-started/adc/build/heap\libheap.a(multi_heap.o)
                                 0x2c (size before relaxing)
 .literal.merge_adjacent
                0x40080a5c        0x8 C:/msys32/home/baabe/esp-idf/examples/get-started/adc/build/heap\libheap.a(multi_heap.o)
                                 0x4c (size before relaxing)
 .literal.multi_heap_get_allocated_size_impl
                0x40080a64        0x0 C:/msys32/home/baabe/esp-idf/examples/get-started/adc/build/heap\libheap.a(multi_heap.o)
                                 0x10 (size before relaxing)
 .literal.multi_heap_malloc_impl
                0x40080a64        0x0 C:/msys32/home/baabe/esp-idf/examples/get-started/adc/build/heap\libheap.a(multi_heap.o)
                                 0x28 (size before relaxing)
 .literal.multi_heap_free_impl
                0x40080a64        0x0 C:/msys32/home/baabe/esp-idf/examples/get-started/adc/build/heap\libheap.a(multi_heap.o)
                                 0x50 (size before relaxing)
 .literal.multi_heap_realloc_impl
                0x40080a64        0x8 C:/msys32/home/baabe/esp-idf/examples/get-started/adc/build/heap\libheap.a(multi_heap.o)
                                 0x68 (size before relaxing)
 .literal.panicPutChar
                0x40080a6c        0x8 C:/msys32/home/baabe/esp-idf/examples/get-started/adc/build/esp32\libesp32.a(panic.o)
 .literal.panicPutStr
                0x40080a74        0x0 C:/msys32/home/baabe/esp-idf/examples/get-started/adc/build/esp32\libesp32.a(panic.o)
                                  0x4 (size before relaxing)
 .literal.panicPutHex
                0x40080a74        0x0 C:/msys32/home/baabe/esp-idf/examples/get-started/adc/build/esp32\libesp32.a(panic.o)
                                  0x8 (size before relaxing)
 .literal.panicPutDec
                0x40080a74        0x4 C:/msys32/home/baabe/esp-idf/examples/get-started/adc/build/esp32\libesp32.a(panic.o)
                                 0x10 (size before relaxing)
 .literal.reconfigureAllWdts
                0x40080a78        0xc C:/msys32/home/baabe/esp-idf/examples/get-started/adc/build/esp32\libesp32.a(panic.o)
                                 0x24 (size before relaxing)
 .literal.putEntry
                0x40080a84       0x10 C:/msys32/home/baabe/esp-idf/examples/get-started/adc/build/esp32\libesp32.a(panic.o)
                                 0x20 (size before relaxing)
 .literal.doBacktrace
                0x40080a94       0x10 C:/msys32/home/baabe/esp-idf/examples/get-started/adc/build/esp32\libesp32.a(panic.o)
                                 0x24 (size before relaxing)
 .literal.invoke_abort
                0x40080aa4        0x4 C:/msys32/home/baabe/esp-idf/examples/get-started/adc/build/esp32\libesp32.a(panic.o)
                                  0x8 (size before relaxing)
 .literal.haltOtherCore
                0x40080aa8        0x0 C:/msys32/home/baabe/esp-idf/examples/get-started/adc/build/esp32\libesp32.a(panic.o)
                                  0x4 (size before relaxing)
 .literal.commonErrorHandler_dump
                0x40080aa8       0x30 C:/msys32/home/baabe/esp-idf/examples/get-started/adc/build/esp32\libesp32.a(panic.o)
                                 0x90 (size before relaxing)
 .literal.esp_panic_dig_reset
                0x40080ad8        0x0 C:/msys32/home/baabe/esp-idf/examples/get-started/adc/build/esp32\libesp32.a(panic.o)
                                 0x14 (size before relaxing)
 .literal.commonErrorHandler
                0x40080ad8        0x8 C:/msys32/home/baabe/esp-idf/examples/get-started/adc/build/esp32\libesp32.a(panic.o)
                                 0x4c (size before relaxing)
 .literal.abort
                0x40080ae0        0x8 C:/msys32/home/baabe/esp-idf/examples/get-started/adc/build/esp32\libesp32.a(panic.o)
                                 0x18 (size before relaxing)
 .literal.vApplicationStackOverflowHook
                0x40080ae8        0x8 C:/msys32/home/baabe/esp-idf/examples/get-started/adc/build/esp32\libesp32.a(panic.o)
                                 0x18 (size before relaxing)
 .literal.panicHandler
                0x40080af0       0x34 C:/msys32/home/baabe/esp-idf/examples/get-started/adc/build/esp32\libesp32.a(panic.o)
                                 0xa8 (size before relaxing)
 .literal.xt_unhandled_exception
                0x40080b24       0x18 C:/msys32/home/baabe/esp-idf/examples/get-started/adc/build/esp32\libesp32.a(panic.o)
                                 0x64 (size before relaxing)
 .literal._esp_error_check_failed
                0x40080b3c       0x14 C:/msys32/home/baabe/esp-idf/examples/get-started/adc/build/esp32\libesp32.a(panic.o)
                                 0x30 (size before relaxing)
 .literal.rtc_clk_32k_enable_common
                0x40080b50       0x14 C:/msys32/home/baabe/esp-idf/examples/get-started/adc/build/soc\libsoc.a(rtc_clk.o)
 .literal.rtc_clk_bbpll_disable
                0x40080b64        0xc C:/msys32/home/baabe/esp-idf/examples/get-started/adc/build/soc\libsoc.a(rtc_clk.o)
                                 0x10 (size before relaxing)
 .literal.rtc_clk_bbpll_enable
                0x40080b70        0x4 C:/msys32/home/baabe/esp-idf/examples/get-started/adc/build/soc\libsoc.a(rtc_clk.o)
                                  0x8 (size before relaxing)
 .literal.rtc_clk_32k_enable
                0x40080b74        0x4 C:/msys32/home/baabe/esp-idf/examples/get-started/adc/build/soc\libsoc.a(rtc_clk.o)
                                  0xc (size before relaxing)
 .literal.rtc_clk_32k_enable_external
                0x40080b78        0x0 C:/msys32/home/baabe/esp-idf/examples/get-started/adc/build/soc\libsoc.a(rtc_clk.o)
                                  0x4 (size before relaxing)
 .literal.rtc_clk_8m_enable
                0x40080b78        0xc C:/msys32/home/baabe/esp-idf/examples/get-started/adc/build/soc\libsoc.a(rtc_clk.o)
                                 0x10 (size before relaxing)
 .literal.rtc_clk_slow_freq_set
                0x40080b84        0x0 C:/msys32/home/baabe/esp-idf/examples/get-started/adc/build/soc\libsoc.a(rtc_clk.o)
                                  0xc (size before relaxing)
 .literal.rtc_clk_slow_freq_get
                0x40080b84        0x0 C:/msys32/home/baabe/esp-idf/examples/get-started/adc/build/soc\libsoc.a(rtc_clk.o)
                                  0x4 (size before relaxing)
 .literal.rtc_clk_slow_freq_get_hz
                0x40080b84        0xc C:/msys32/home/baabe/esp-idf/examples/get-started/adc/build/soc\libsoc.a(rtc_clk.o)
                                 0x10 (size before relaxing)
 .literal.rtc_clk_fast_freq_set
                0x40080b90        0x4 C:/msys32/home/baabe/esp-idf/examples/get-started/adc/build/soc\libsoc.a(rtc_clk.o)
                                  0xc (size before relaxing)
 .literal.rtc_clk_bbpll_configure
                0x40080b94       0x10 C:/msys32/home/baabe/esp-idf/examples/get-started/adc/build/soc\libsoc.a(rtc_clk.o)
                                 0x3c (size before relaxing)
 .literal.rtc_clk_xtal_freq_get
                0x40080ba4        0x4 C:/msys32/home/baabe/esp-idf/examples/get-started/adc/build/soc\libsoc.a(rtc_clk.o)
 .literal.rtc_clk_cpu_freq_mhz_to_config
                0x40080ba8        0x0 C:/msys32/home/baabe/esp-idf/examples/get-started/adc/build/soc\libsoc.a(rtc_clk.o)
                                  0x4 (size before relaxing)
 .literal.rtc_clk_cpu_freq_get_config
                0x40080ba8       0x14 C:/msys32/home/baabe/esp-idf/examples/get-started/adc/build/soc\libsoc.a(rtc_clk.o)
                                 0x28 (size before relaxing)
 .literal.rtc_clk_apb_freq_update
                0x40080bbc        0x4 C:/msys32/home/baabe/esp-idf/examples/get-started/adc/build/soc\libsoc.a(rtc_clk.o)
 .literal.rtc_clk_cpu_freq_to_xtal
                0x40080bc0        0xc C:/msys32/home/baabe/esp-idf/examples/get-started/adc/build/soc\libsoc.a(rtc_clk.o)
                                 0x34 (size before relaxing)
 .literal.rtc_clk_cpu_freq_set_xtal
                0x40080bcc        0x0 C:/msys32/home/baabe/esp-idf/examples/get-started/adc/build/soc\libsoc.a(rtc_clk.o)
                                 0x10 (size before relaxing)
 .literal.rtc_clk_cpu_freq_to_pll_mhz
                0x40080bcc       0x10 C:/msys32/home/baabe/esp-idf/examples/get-started/adc/build/soc\libsoc.a(rtc_clk.o)
                                 0x38 (size before relaxing)
 .literal.rtc_clk_cpu_freq_to_8m
                0x40080bdc        0x4 C:/msys32/home/baabe/esp-idf/examples/get-started/adc/build/soc\libsoc.a(rtc_clk.o)
                                 0x2c (size before relaxing)
 .literal.rtc_clk_cpu_freq_set_config
                0x40080be0        0x0 C:/msys32/home/baabe/esp-idf/examples/get-started/adc/build/soc\libsoc.a(rtc_clk.o)
                                 0x30 (size before relaxing)
 .literal.rtc_clk_apb_freq_get
                0x40080be0        0x4 C:/msys32/home/baabe/esp-idf/examples/get-started/adc/build/soc\libsoc.a(rtc_clk.o)
                                 0x10 (size before relaxing)
 .literal.rtc_clk_cal_internal
                0x40080be4       0x2c C:/msys32/home/baabe/esp-idf/examples/get-started/adc/build/soc\libsoc.a(rtc_time.o)
                                 0x64 (size before relaxing)
 .literal.rtc_clk_cal
                0x40080c10        0x0 C:/msys32/home/baabe/esp-idf/examples/get-started/adc/build/soc\libsoc.a(rtc_time.o)
                                  0xc (size before relaxing)
 .literal.rtc_time_get
                0x40080c10       0x10 C:/msys32/home/baabe/esp-idf/examples/get-started/adc/build/soc\libsoc.a(rtc_time.o)
                                 0x18 (size before relaxing)
 .literal.rtc_clk_wait_for_slow_cycle
                0x40080c20        0x8 C:/msys32/home/baabe/esp-idf/examples/get-started/adc/build/soc\libsoc.a(rtc_time.o)
                                 0x20 (size before relaxing)
 .literal.rtc_init
                0x40080c28       0x74 C:/msys32/home/baabe/esp-idf/examples/get-started/adc/build/soc\libsoc.a(rtc_init.o)
                                 0xdc (size before relaxing)
 .literal.rtc_wdt_get_protect_status
                0x40080c9c        0x8 C:/msys32/home/baabe/esp-idf/examples/get-started/adc/build/soc\libsoc.a(rtc_wdt.o)
 .literal.rtc_wdt_protect_off
                0x40080ca4        0x0 C:/msys32/home/baabe/esp-idf/examples/get-started/adc/build/soc\libsoc.a(rtc_wdt.o)
                                  0x8 (size before relaxing)
 .literal.rtc_wdt_protect_on
                0x40080ca4        0x0 C:/msys32/home/baabe/esp-idf/examples/get-started/adc/build/soc\libsoc.a(rtc_wdt.o)
                                  0x4 (size before relaxing)
 .literal.rtc_wdt_enable
                0x40080ca4        0xc C:/msys32/home/baabe/esp-idf/examples/get-started/adc/build/soc\libsoc.a(rtc_wdt.o)
                                 0x10 (size before relaxing)
 .literal.rtc_wdt_set_time
                0x40080cb0       0x14 C:/msys32/home/baabe/esp-idf/examples/get-started/adc/build/soc\libsoc.a(rtc_wdt.o)
                                 0x20 (size before relaxing)
 .literal.rtc_wdt_set_stage
                0x40080cc4        0x8 C:/msys32/home/baabe/esp-idf/examples/get-started/adc/build/soc\libsoc.a(rtc_wdt.o)
                                 0x14 (size before relaxing)
 .literal.rtc_wdt_disable
                0x40080ccc        0x0 C:/msys32/home/baabe/esp-idf/examples/get-started/adc/build/soc\libsoc.a(rtc_wdt.o)
                                 0x2c (size before relaxing)
 .literal.rtc_wdt_set_length_of_reset_signal
                0x40080ccc        0x4 C:/msys32/home/baabe/esp-idf/examples/get-started/adc/build/soc\libsoc.a(rtc_wdt.o)
                                  0xc (size before relaxing)
 .literal.rtc_wdt_is_on
                0x40080cd0        0x0 C:/msys32/home/baabe/esp-idf/examples/get-started/adc/build/soc\libsoc.a(rtc_wdt.o)
                                  0x4 (size before relaxing)
 .literal       0x40080cd0        0x0 C:/msys32/home/baabe/esp-idf/components/esp32/libhal.a(windowspill_asm.o)
                                  0x4 (size before relaxing)
 .literal.esp_rom_spiflash_read_status
                0x40080cd0       0x10 C:/msys32/home/baabe/esp-idf/examples/get-started/adc/build/spi_flash\libspi_flash.a(spi_flash_rom_patch.o)
                                 0x14 (size before relaxing)
 .literal.esp_rom_spiflash_wait_idle
                0x40080ce0        0x8 C:/msys32/home/baabe/esp-idf/examples/get-started/adc/build/spi_flash\libspi_flash.a(spi_flash_rom_patch.o)
                                  0xc (size before relaxing)
 .literal.esp_rom_spiflash_erase_block_internal
                0x40080ce8        0x4 C:/msys32/home/baabe/esp-idf/examples/get-started/adc/build/spi_flash\libspi_flash.a(spi_flash_rom_patch.o)
                                 0x18 (size before relaxing)
 .literal.esp_rom_spiflash_erase_sector_internal
                0x40080cec        0x0 C:/msys32/home/baabe/esp-idf/examples/get-started/adc/build/spi_flash\libspi_flash.a(spi_flash_rom_patch.o)
                                 0x18 (size before relaxing)
 .literal.esp_rom_spiflash_read_data
                0x40080cec       0x18 C:/msys32/home/baabe/esp-idf/examples/get-started/adc/build/spi_flash\libspi_flash.a(spi_flash_rom_patch.o)
                                 0x34 (size before relaxing)
 .literal.esp_rom_spiflash_enable_write
                0x40080d04        0x0 C:/msys32/home/baabe/esp-idf/examples/get-started/adc/build/spi_flash\libspi_flash.a(spi_flash_rom_patch.o)
                                 0x10 (size before relaxing)
 .literal.esp_rom_spiflash_program_page_internal
                0x40080d04       0x10 C:/msys32/home/baabe/esp-idf/examples/get-started/adc/build/spi_flash\libspi_flash.a(spi_flash_rom_patch.o)
                                 0x40 (size before relaxing)
 .literal.esp_rom_spiflash_read_statushigh
                0x40080d14        0x4 C:/msys32/home/baabe/esp-idf/examples/get-started/adc/build/spi_flash\libspi_flash.a(spi_flash_rom_patch.o)
                                  0xc (size before relaxing)
 .literal.esp_rom_spiflash_write_status
                0x40080d18        0x4 C:/msys32/home/baabe/esp-idf/examples/get-started/adc/build/spi_flash\libspi_flash.a(spi_flash_rom_patch.o)
                                 0x14 (size before relaxing)
 .literal.esp_rom_spiflash_unlock
                0x40080d1c        0x8 C:/msys32/home/baabe/esp-idf/examples/get-started/adc/build/spi_flash\libspi_flash.a(spi_flash_rom_patch.o)
                                 0x28 (size before relaxing)
 .literal.esp_rom_spiflash_erase_block
                0x40080d24        0xc C:/msys32/home/baabe/esp-idf/examples/get-started/adc/build/spi_flash\libspi_flash.a(spi_flash_rom_patch.o)
                                 0x20 (size before relaxing)
 .literal.esp_rom_spiflash_erase_sector
                0x40080d30        0x0 C:/msys32/home/baabe/esp-idf/examples/get-started/adc/build/spi_flash\libspi_flash.a(spi_flash_rom_patch.o)
                                 0x20 (size before relaxing)
 .literal.esp_rom_spiflash_write
                0x40080d30        0x0 C:/msys32/home/baabe/esp-idf/examples/get-started/adc/build/spi_flash\libspi_flash.a(spi_flash_rom_patch.o)
                                 0x28 (size before relaxing)
 .literal.esp_rom_spiflash_write_encrypted
                0x40080d30        0xc C:/msys32/home/baabe/esp-idf/examples/get-started/adc/build/spi_flash\libspi_flash.a(spi_flash_rom_patch.o)
                                 0x10 (size before relaxing)
 .literal.esp_rom_spiflash_read
                0x40080d3c       0x30 C:/msys32/home/baabe/esp-idf/examples/get-started/adc/build/spi_flash\libspi_flash.a(spi_flash_rom_patch.o)
                                 0x5c (size before relaxing)
 .literal       0x40080d6c       0x10 C:/msys32/home/baabe/esp-idf/components/newlib/lib/libm.a(lib_a-s_fpclassify.o)
                                 0x18 (size before relaxing)
 .iram1         0x40080d7c      0x27e C:/msys32/home/baabe/esp-idf/examples/get-started/adc/build/esp32\libesp32.a(cpu_start.o)
                                0x336 (size before relaxing)
                0x40080d7c                start_cpu0_default
                0x40080d7c                start_cpu0
                0x40080e4c                start_cpu1
                0x40080e4c                start_cpu1_default
                0x40080ec8                call_start_cpu0
 *fill*         0x40080ffa        0x2 
 .iram1         0x40080ffc       0x5c C:/msys32/home/baabe/esp-idf/examples/get-started/adc/build/esp32\libesp32.a(reset_reason.o)
                                 0x60 (size before relaxing)
                0x40080ffc                esp_reset_reason_set_hint
                0x4008102c                esp_reset_reason_get_hint
 .iram1         0x40081058       0xda C:/msys32/home/baabe/esp-idf/examples/get-started/adc/build/esp32\libesp32.a(dport_panic_highint_hdl.o)
                0x40081058                xt_highint4
                0x40081132                ld_include_panic_highint_hdl
 *fill*         0x40081132        0x2 
 .iram1         0x40081134       0x53 C:/msys32/home/baabe/esp-idf/examples/get-started/adc/build/esp32\libesp32.a(int_wdt.o)
 *fill*         0x40081187        0x1 
 .iram1         0x40081188      0x1f1 C:/msys32/home/baabe/esp-idf/examples/get-started/adc/build/esp32\libesp32.a(system_api.o)
                                0x244 (size before relaxing)
                0x40081200                esp_restart_noos
                0x40081358                system_restart
                0x40081358                esp_restart
 *fill*         0x40081379        0x3 
 .iram1         0x4008137c      0x1e3 C:/msys32/home/baabe/esp-idf/examples/get-started/adc/build/esp32\libesp32.a(dport_access.o)
                                0x1ef (size before relaxing)
                0x4008137c                esp_dport_access_stall_other_cpu_start
                0x4008142c                esp_dport_access_stall_other_cpu_end
                0x400814a8                esp_dport_access_stall_other_cpu_start_wrap
                0x400814b0                esp_dport_access_stall_other_cpu_end_wrap
                0x400814b8                esp_dport_access_int_pause
                0x400814dc                esp_dport_access_int_abort
                0x400814f0                esp_dport_access_int_resume
                0x40081514                esp_dport_access_reg_read
                0x4008152c                esp_dport_access_sequence_reg_read
                0x40081538                esp_dport_access_read_buffer
 *fill*         0x4008155f        0x1 
 .iram1         0x40081560      0x205 C:/msys32/home/baabe/esp-idf/examples/get-started/adc/build/esp32\libesp32.a(esp_timer.o)
                                0x219 (size before relaxing)
                0x4008167c                esp_timer_stop
                0x400816a0                esp_timer_get_next_alarm
                0x400816c0                esp_timer_get_time
                0x400816d0                esp_timer_start_once
                0x40081714                esp_timer_start_periodic
 *fill*         0x40081765        0x3 
 .iram1         0x40081768      0x2b6 C:/msys32/home/baabe/esp-idf/examples/get-started/adc/build/esp32\libesp32.a(intr_alloc.o)
                                0x2ce (size before relaxing)
                0x400817a4                esp_intr_set_in_iram
                0x4008182c                esp_intr_enable
                0x400818b4                esp_intr_disable
                0x4008197c                esp_intr_noniram_disable
                0x400819c8                esp_intr_noniram_enable
                0x40081a08                ets_isr_unmask
                0x40081a14                ets_isr_mask
 *fill*         0x40081a1e        0x2 
 .iram1         0x40081a20       0x7f C:/msys32/home/baabe/esp-idf/examples/get-started/adc/build/esp32\libesp32.a(ipc.o)
                                 0x8b (size before relaxing)
 *fill*         0x40081a9f        0x1 
 .iram1         0x40081aa0       0x2c C:/msys32/home/baabe/esp-idf/examples/get-started/adc/build/esp32\libesp32.a(cache_err_int.o)
                                 0x34 (size before relaxing)
                0x40081aa0                esp_cache_err_get_cpuid
 .iram1         0x40081acc       0x27 C:/msys32/home/baabe/esp-idf/examples/get-started/adc/build/esp32\libesp32.a(freertos_hooks.o)
                0x40081acc                esp_vApplicationTickHook
 *fill*         0x40081af3        0x1 
 .iram1         0x40081af4       0x47 C:/msys32/home/baabe/esp-idf/examples/get-started/adc/build/esp32\libesp32.a(clk.o)
                                 0x4b (size before relaxing)
                0x40081af4                esp_clk_cpu_freq
                0x40081b04                esp_clk_apb_freq
                0x40081b1c                esp_clk_xtal_freq
                0x40081b2c                ets_update_cpu_frequency
 *fill*         0x40081b3b        0x1 
 .iram1         0x40081b3c      0x4af C:/msys32/home/baabe/esp-idf/examples/get-started/adc/build/esp32\libesp32.a(esp_timer_esp32.o)
                                0x4bb (size before relaxing)
                0x40081c60                esp_timer_impl_get_time
                0x40081dd0                esp_timer_impl_set_alarm
                0x40081f18                esp_timer_impl_update_apb_freq
                0x40081fe0                esp_timer_impl_get_min_period_us
 *fill*         0x40081feb        0x1 
 .iram1         0x40081fec       0xb0 C:/msys32/home/baabe/esp-idf/examples/get-started/adc/build/esp32\libesp32.a(crosscore_int.o)
                                 0xc0 (size before relaxing)
                0x40082084                esp_crosscore_int_send_yield
                0x40082090                esp_crosscore_int_send_freq_switch
 .iram1         0x4008209c       0x1a C:/msys32/home/baabe/esp-idf/examples/get-started/adc/build/freertos\libfreertos.a(port.o)
                0x4008209c                xPortInterruptedFromISRContext
 *fill*         0x400820b6        0x2 
 .iram1         0x400820b8      0x4b4 C:/msys32/home/baabe/esp-idf/examples/get-started/adc/build/freertos\libfreertos.a(xtensa_vectors.o)
                0x400820b8                _xt_panic
                0x400821d0                _xt_user_exit
                0x400824bc                _xt_medint2_exit
                0x40082558                _xt_medint3_exit
 .iram1         0x4008256c      0x3f1 C:/msys32/home/baabe/esp-idf/examples/get-started/adc/build/heap\libheap.a(heap_caps.o)
                                0x40d (size before relaxing)
                0x400825fc                heap_caps_malloc
                0x4008269c                heap_caps_malloc_default
                0x400826e0                heap_caps_malloc_prefer
                0x40082738                heap_caps_free
                0x40082770                heap_caps_realloc
                0x4008281c                heap_caps_realloc_default
                0x40082874                heap_caps_realloc_prefer
                0x400828d8                heap_caps_calloc
                0x40082908                heap_caps_calloc_prefer
 *fill*         0x4008295d        0x3 
 .iram1         0x40082960      0x18a C:/msys32/home/baabe/esp-idf/examples/get-started/adc/build/log\liblog.a(log.o)
                                0x19a (size before relaxing)
                0x40082960                esp_log_write
                0x40082a90                esp_log_early_timestamp
                0x40082aac                esp_log_timestamp
 *fill*         0x40082aea        0x2 
 .iram1         0x40082aec      0x1cc C:/msys32/home/baabe/esp-idf/examples/get-started/adc/build/newlib\libnewlib.a(locks.o)
                                0x210 (size before relaxing)
                0x40082c04                _lock_init
                0x40082c14                _lock_init_recursive
                0x40082c24                _lock_close
                0x40082c60                _lock_acquire
                0x40082c70                _lock_acquire_recursive
                0x40082c80                _lock_try_acquire
                0x40082c90                _lock_try_acquire_recursive
                0x40082ca0                _lock_release
                0x40082cac                _lock_release_recursive
 .iram1         0x40082cb8       0x5a C:/msys32/home/baabe/esp-idf/examples/get-started/adc/build/newlib\libnewlib.a(syscalls.o)
                                 0x62 (size before relaxing)
                0x40082cb8                _malloc_r
                0x40082cc4                _free_r
                0x40082cd0                _realloc_r
                0x40082ce4                _calloc_r
 *fill*         0x40082d12        0x2 
 .iram1         0x40082d14       0x3c C:/msys32/home/baabe/esp-idf/examples/get-started/adc/build/newlib\libnewlib.a(reent_init.o)
                0x40082d14                esp_reent_init
 .iram1         0x40082d50       0x70 C:/msys32/home/baabe/esp-idf/examples/get-started/adc/build/newlib\libnewlib.a(time.o)
                                 0x74 (size before relaxing)
                0x40082d50                _gettimeofday_r
                0x40082d98                _times_r
 .iram1         0x40082dc0      0x11a C:/msys32/home/baabe/esp-idf/examples/get-started/adc/build/soc\libsoc.a(cpu_util.o)
                0x40082dc0                esp_cpu_stall
                0x40082e54                esp_cpu_unstall
                0x40082ea8                esp_cpu_reset
                0x40082ecc                esp_cpu_in_ocd_debug_mode
 *fill*         0x40082eda        0x2 
 .iram1         0x40082edc      0x722 C:/msys32/home/baabe/esp-idf/examples/get-started/adc/build/spi_flash\libspi_flash.a(flash_ops.o)
                                0x74a (size before relaxing)
                0x40082f4c                spi_flash_guard_set
                0x40082f58                spi_flash_guard_get
                0x40082f64                spi_flash_get_chip_size
                0x40082f70                spi_flash_erase_range
                0x40083028                spi_flash_erase_sector
                0x4008304c                spi_flash_write
                0x40083214                spi_flash_read
                0x400834ac                spi_flash_read_encrypted
                0x400834f4                spi_flash_write_encrypted
 *fill*         0x400835fe        0x2 
 .iram1         0x40083600      0x2f4 C:/msys32/home/baabe/esp-idf/examples/get-started/adc/build/spi_flash\libspi_flash.a(cache_utils.o)
                                0x340 (size before relaxing)
                0x40083664                spi_flash_op_block_func
                0x40083710                spi_flash_disable_interrupts_caches_and_other_cpu
                0x400837f0                spi_flash_enable_interrupts_caches_and_other_cpu
                0x40083888                spi_flash_disable_interrupts_caches_and_other_cpu_no_os
                0x400838b4                spi_flash_enable_interrupts_caches_no_os
                0x400838d0                spi_flash_cache_enabled
 .iram1         0x400838f4      0x4ce C:/msys32/home/baabe/esp-idf/examples/get-started/adc/build/spi_flash\libspi_flash.a(flash_mmap.o)
                                0x502 (size before relaxing)
                0x40083a20                spi_flash_mmap_pages
                0x40083c60                spi_flash_mmap
                0x40083cd4                spi_flash_munmap
                0x40083d78                spi_flash_mark_modified_region
 *fill*         0x40083dc2        0x2 
 .iram1         0x40083dc4       0x20 C:/msys32/home/baabe/esp-idf/examples/get-started/adc/build/esp32\libesp32.a(dbg_stubs.o)
 *fill*         0x40083de4        0x0 
 *fill*         0x40083de4        0x0 
 *fill*         0x40083de4        0x0 
 *fill*         0x40083de4        0x0 
 *fill*         0x40083de4        0x0 
 *fill*         0x40083de4        0x0 
 *fill*         0x40083de4        0x0 
 *fill*         0x40083de4        0x0 
 *fill*         0x40083de4        0x0 
 *fill*         0x40083de4        0x0 
 .iram1         0x40083de4       0x2e C:/msys32/home/baabe/esp-idf/examples/get-started/adc/build/freertos\libfreertos.a(xtensa_vector_defaults.o)
                0x40083de4                xt_debugexception
                0x40083e04                xt_highint5
                0x40083e0c                xt_nmi
                0x40083e0c                _xt_nmi
 *fill*         0x40083e12        0x0 
 *fill*         0x40083e12        0x0 
 *fill*         0x40083e12        0x0 
 *fill*         0x40083e12        0x0 
 *fill*         0x40083e12        0x0 
 *fill*         0x40083e12        0x0 
 *libfreertos.a:(.literal .text .literal.* .text.*)
 *fill*         0x40083e12        0x2 
 .text.prvResetNextTaskUnblockTime
                0x40083e14       0x34 C:/msys32/home/baabe/esp-idf/examples/get-started/adc/build/freertos\libfreertos.a(tasks.o)
 .text.prvDeleteTLS
                0x40083e48       0x40 C:/msys32/home/baabe/esp-idf/examples/get-started/adc/build/freertos\libfreertos.a(tasks.o)
 .text.prvInitialiseNewTask
                0x40083e88       0xc4 C:/msys32/home/baabe/esp-idf/examples/get-started/adc/build/freertos\libfreertos.a(tasks.o)
                                 0xd0 (size before relaxing)
 .text.prvInitialiseTaskLists
                0x40083f4c       0x5a C:/msys32/home/baabe/esp-idf/examples/get-started/adc/build/freertos\libfreertos.a(tasks.o)
                                 0x6e (size before relaxing)
 *fill*         0x40083fa6        0x2 
 .text.prvDeleteTCB
                0x40083fa8       0x56 C:/msys32/home/baabe/esp-idf/examples/get-started/adc/build/freertos\libfreertos.a(tasks.o)
                                 0x5d (size before relaxing)
 *fill*         0x40083ffe        0x2 
 .text.prvAddCurrentTaskToDelayedList
                0x40084000       0x66 C:/msys32/home/baabe/esp-idf/examples/get-started/adc/build/freertos\libfreertos.a(tasks.o)
                                 0x6a (size before relaxing)
 *fill*         0x40084066        0x2 
 .text.taskYIELD_OTHER_CORE
                0x40084068       0x53 C:/msys32/home/baabe/esp-idf/examples/get-started/adc/build/freertos\libfreertos.a(tasks.o)
                0x40084068                taskYIELD_OTHER_CORE
 *fill*         0x400840bb        0x1 
 .text.vTaskSuspendAll
                0x400840bc       0x26 C:/msys32/home/baabe/esp-idf/examples/get-started/adc/build/freertos\libfreertos.a(tasks.o)
                0x400840bc                vTaskSuspendAll
 *fill*         0x400840e2        0x2 
 .text.xTaskGetIdleTaskHandleForCPU
                0x400840e4       0x2a C:/msys32/home/baabe/esp-idf/examples/get-started/adc/build/freertos\libfreertos.a(tasks.o)
                                 0x2e (size before relaxing)
                0x400840e4                xTaskGetIdleTaskHandleForCPU
 *fill*         0x4008410e        0x2 
 .text.vTaskSwitchContext
                0x40084110      0x27e C:/msys32/home/baabe/esp-idf/examples/get-started/adc/build/freertos\libfreertos.a(tasks.o)
                                0x28a (size before relaxing)
                0x40084110                vTaskSwitchContext
 *fill*         0x4008438e        0x2 
 .text.vTaskSetTimeOutState
                0x40084390       0x34 C:/msys32/home/baabe/esp-idf/examples/get-started/adc/build/freertos\libfreertos.a(tasks.o)
                0x40084390                vTaskSetTimeOutState
 .text.xTaskGetCurrentTaskHandle
                0x400843c4       0x1f C:/msys32/home/baabe/esp-idf/examples/get-started/adc/build/freertos\libfreertos.a(tasks.o)
                0x400843c4                xTaskGetCurrentTaskHandle
 *fill*         0x400843e3        0x1 
 .text.__getreent
                0x400843e4       0x19 C:/msys32/home/baabe/esp-idf/examples/get-started/adc/build/freertos\libfreertos.a(tasks.o)
                0x400843e4                __getreent
 *fill*         0x400843fd        0x3 
 .text.pcTaskGetTaskName
                0x40084400       0x2a C:/msys32/home/baabe/esp-idf/examples/get-started/adc/build/freertos\libfreertos.a(tasks.o)
                                 0x2d (size before relaxing)
                0x40084400                pcTaskGetTaskName
 *fill*         0x4008442a        0x2 
 .text.xTaskGetAffinity
                0x4008442c       0x10 C:/msys32/home/baabe/esp-idf/examples/get-started/adc/build/freertos\libfreertos.a(tasks.o)
                                 0x13 (size before relaxing)
                0x4008442c                xTaskGetAffinity
 *fill*         0x4008443c        0x0 
 .text.xTaskGetCurrentTaskHandleForCPU
                0x4008443c       0x18 C:/msys32/home/baabe/esp-idf/examples/get-started/adc/build/freertos\libfreertos.a(tasks.o)
                0x4008443c                xTaskGetCurrentTaskHandleForCPU
 .text.xTaskGetSchedulerState
                0x40084454       0x37 C:/msys32/home/baabe/esp-idf/examples/get-started/adc/build/freertos\libfreertos.a(tasks.o)
                0x40084454                xTaskGetSchedulerState
 *fill*         0x4008448b        0x1 
 .text.vTaskEnterCritical
                0x4008448c       0xac C:/msys32/home/baabe/esp-idf/examples/get-started/adc/build/freertos\libfreertos.a(tasks.o)
                                 0xb3 (size before relaxing)
                0x4008448c                vTaskEnterCritical
 *fill*         0x40084538        0x0 
 .text.vTaskExitCritical
                0x40084538       0x77 C:/msys32/home/baabe/esp-idf/examples/get-started/adc/build/freertos\libfreertos.a(tasks.o)
                0x40084538                vTaskExitCritical
 *fill*         0x400845af        0x1 
 .text.prvAddNewTaskToReadyList
                0x400845b0      0x160 C:/msys32/home/baabe/esp-idf/examples/get-started/adc/build/freertos\libfreertos.a(tasks.o)
                                0x173 (size before relaxing)
 *fill*         0x40084710        0x0 
 .text.xTaskCreatePinnedToCore
                0x40084710       0x6e C:/msys32/home/baabe/esp-idf/examples/get-started/adc/build/freertos\libfreertos.a(tasks.o)
                                 0x76 (size before relaxing)
                0x40084710                xTaskCreatePinnedToCore
 *fill*         0x4008477e        0x2 
 .text.vTaskStartScheduler
                0x40084780       0x67 C:/msys32/home/baabe/esp-idf/examples/get-started/adc/build/freertos\libfreertos.a(tasks.o)
                                 0x72 (size before relaxing)
                0x40084780                vTaskStartScheduler
 *fill*         0x400847e7        0x1 
 .text.vTaskDelete
                0x400847e8      0x10a C:/msys32/home/baabe/esp-idf/examples/get-started/adc/build/freertos\libfreertos.a(tasks.o)
                                0x122 (size before relaxing)
                0x400847e8                vTaskDelete
 *fill*         0x400848f2        0x2 
 .text.vTaskDelay
                0x400848f4       0x70 C:/msys32/home/baabe/esp-idf/examples/get-started/adc/build/freertos\libfreertos.a(tasks.o)
                                 0x80 (size before relaxing)
                0x400848f4                vTaskDelay
 .text.uxTaskPriorityGet
                0x40084964       0x1c C:/msys32/home/baabe/esp-idf/examples/get-started/adc/build/freertos\libfreertos.a(tasks.o)
                                 0x23 (size before relaxing)
                0x40084964                uxTaskPriorityGet
 *fill*         0x40084980        0x0 
 .text.vTaskPrioritySet
                0x40084980      0x12d C:/msys32/home/baabe/esp-idf/examples/get-started/adc/build/freertos\libfreertos.a(tasks.o)
                                0x143 (size before relaxing)
                0x40084980                vTaskPrioritySet
 *fill*         0x40084aad        0x3 
 .text.prvCheckTasksWaitingTermination
                0x40084ab0       0xbe C:/msys32/home/baabe/esp-idf/examples/get-started/adc/build/freertos\libfreertos.a(tasks.o)
                                 0xc6 (size before relaxing)
 *fill*         0x40084b6e        0x2 
 .text.prvIdleTask
                0x40084b70        0xf C:/msys32/home/baabe/esp-idf/examples/get-started/adc/build/freertos\libfreertos.a(tasks.o)
                                 0x18 (size before relaxing)
 *fill*         0x40084b7f        0x1 
 .text.xTaskGetTickCount
                0x40084b80       0x1c C:/msys32/home/baabe/esp-idf/examples/get-started/adc/build/freertos\libfreertos.a(tasks.o)
                                 0x20 (size before relaxing)
                0x40084b80                xTaskGetTickCount
 .text.xTaskIncrementTick
                0x40084b9c      0x1b2 C:/msys32/home/baabe/esp-idf/examples/get-started/adc/build/freertos\libfreertos.a(tasks.o)
                                0x1ce (size before relaxing)
                0x40084b9c                xTaskIncrementTick
 *fill*         0x40084d4e        0x2 
 .text.xTaskResumeAll
                0x40084d50      0x177 C:/msys32/home/baabe/esp-idf/examples/get-started/adc/build/freertos\libfreertos.a(tasks.o)
                                0x186 (size before relaxing)
                0x40084d50                xTaskResumeAll
 *fill*         0x40084ec7        0x1 
 .text.vTaskPlaceOnEventList
                0x40084ec8       0x83 C:/msys32/home/baabe/esp-idf/examples/get-started/adc/build/freertos\libfreertos.a(tasks.o)
                                 0x97 (size before relaxing)
                0x40084ec8                vTaskPlaceOnEventList
 *fill*         0x40084f4b        0x1 
 .text.vTaskPlaceOnEventListRestricted
                0x40084f4c       0x5b C:/msys32/home/baabe/esp-idf/examples/get-started/adc/build/freertos\libfreertos.a(tasks.o)
                                 0x6f (size before relaxing)
                0x40084f4c                vTaskPlaceOnEventListRestricted
 *fill*         0x40084fa7        0x1 
 .text.xTaskRemoveFromEventList
                0x40084fa8      0x134 C:/msys32/home/baabe/esp-idf/examples/get-started/adc/build/freertos\libfreertos.a(tasks.o)
                                0x143 (size before relaxing)
                0x40084fa8                xTaskRemoveFromEventList
 *fill*         0x400850dc        0x0 
 .text.xTaskCheckForTimeOut
                0x400850dc       0x89 C:/msys32/home/baabe/esp-idf/examples/get-started/adc/build/freertos\libfreertos.a(tasks.o)
                                 0x94 (size before relaxing)
                0x400850dc                xTaskCheckForTimeOut
 *fill*         0x40085165        0x3 
 .text.vTaskPriorityInherit
                0x40085168       0xc4 C:/msys32/home/baabe/esp-idf/examples/get-started/adc/build/freertos\libfreertos.a(tasks.o)
                                 0xdb (size before relaxing)
                0x40085168                vTaskPriorityInherit
 *fill*         0x4008522c        0x0 
 .text.xTaskPriorityDisinherit
                0x4008522c       0x97 C:/msys32/home/baabe/esp-idf/examples/get-started/adc/build/freertos\libfreertos.a(tasks.o)
                                 0xaa (size before relaxing)
                0x4008522c                xTaskPriorityDisinherit
 *fill*         0x400852c3        0x1 
 .text.pvTaskIncrementMutexHeldCount
                0x400852c4       0x50 C:/msys32/home/baabe/esp-idf/examples/get-started/adc/build/freertos\libfreertos.a(tasks.o)
                                 0x54 (size before relaxing)
                0x400852c4                pvTaskIncrementMutexHeldCount
 .text.pxPortInitialiseStack
                0x40085314       0x86 C:/msys32/home/baabe/esp-idf/examples/get-started/adc/build/freertos\libfreertos.a(port.o)
                0x40085314                pxPortInitialiseStack
 *fill*         0x4008539a        0x2 
 .text.xPortStartScheduler
                0x4008539c       0x22 C:/msys32/home/baabe/esp-idf/examples/get-started/adc/build/freertos\libfreertos.a(port.o)
                                 0x2e (size before relaxing)
                0x4008539c                xPortStartScheduler
 *fill*         0x400853be        0x2 
 .text.xPortSysTickHandler
                0x400853c0       0x10 C:/msys32/home/baabe/esp-idf/examples/get-started/adc/build/freertos\libfreertos.a(port.o)
                                 0x16 (size before relaxing)
                0x400853c0                xPortSysTickHandler
 *fill*         0x400853d0        0x0 
 .text.vPortYieldOtherCore
                0x400853d0        0xa C:/msys32/home/baabe/esp-idf/examples/get-started/adc/build/freertos\libfreertos.a(port.o)
                                  0xe (size before relaxing)
                0x400853d0                vPortYieldOtherCore
 *fill*         0x400853da        0x2 
 .text.vPortReleaseTaskMPUSettings
                0x400853dc        0xa C:/msys32/home/baabe/esp-idf/examples/get-started/adc/build/freertos\libfreertos.a(port.o)
                                  0xe (size before relaxing)
                0x400853dc                vPortReleaseTaskMPUSettings
 *fill*         0x400853e6        0x2 
 .text.xPortInIsrContext
                0x400853e8       0x26 C:/msys32/home/baabe/esp-idf/examples/get-started/adc/build/freertos\libfreertos.a(port.o)
                0x400853e8                xPortInIsrContext
 *fill*         0x4008540e        0x2 
 .text.vPortCPUInitializeMutex
                0x40085410        0xe C:/msys32/home/baabe/esp-idf/examples/get-started/adc/build/freertos\libfreertos.a(port.o)
                0x40085410                vPortCPUInitializeMutex
 *fill*         0x4008541e        0x2 
 .text.vPortCPUAcquireMutex
                0x40085420       0x81 C:/msys32/home/baabe/esp-idf/examples/get-started/adc/build/freertos\libfreertos.a(port.o)
                                 0x88 (size before relaxing)
                0x40085420                vPortCPUAcquireMutex
 *fill*         0x400854a1        0x3 
 .text.vPortCPUReleaseMutex
                0x400854a4       0x4d C:/msys32/home/baabe/esp-idf/examples/get-started/adc/build/freertos\libfreertos.a(port.o)
                                 0x50 (size before relaxing)
                0x400854a4                vPortCPUReleaseMutex
 *fill*         0x400854f1        0x3 
 .text._xt_tick_divisor_init
                0x400854f4       0x1c C:/msys32/home/baabe/esp-idf/examples/get-started/adc/build/freertos\libfreertos.a(xtensa_init.o)
                                 0x1f (size before relaxing)
                0x400854f4                _xt_tick_divisor_init
 *fill*         0x40085510        0x0 
 .text.prvIsQueueFull
                0x40085510       0x2a C:/msys32/home/baabe/esp-idf/examples/get-started/adc/build/freertos\libfreertos.a(queue.o)
 *fill*         0x4008553a        0x2 
 .text.prvCopyDataToQueue
                0x4008553c       0x9e C:/msys32/home/baabe/esp-idf/examples/get-started/adc/build/freertos\libfreertos.a(queue.o)
 *fill*         0x400855da        0x2 
 .text.prvNotifyQueueSetContainer
                0x400855dc       0x77 C:/msys32/home/baabe/esp-idf/examples/get-started/adc/build/freertos\libfreertos.a(queue.o)
                                 0x8a (size before relaxing)
 *fill*         0x40085653        0x1 
 .text.prvCopyDataFromQueue
                0x40085654       0x24 C:/msys32/home/baabe/esp-idf/examples/get-started/adc/build/freertos\libfreertos.a(queue.o)
 .text.xQueueGenericReset
                0x40085678       0x86 C:/msys32/home/baabe/esp-idf/examples/get-started/adc/build/freertos\libfreertos.a(queue.o)
                                 0x96 (size before relaxing)
                0x40085678                xQueueGenericReset
 *fill*         0x400856fe        0x2 
 .text.prvInitialiseNewQueue
                0x40085700       0x1f C:/msys32/home/baabe/esp-idf/examples/get-started/adc/build/freertos\libfreertos.a(queue.o)
                                 0x23 (size before relaxing)
 *fill*         0x4008571f        0x1 
 .text.xQueueGenericCreate
                0x40085720       0x49 C:/msys32/home/baabe/esp-idf/examples/get-started/adc/build/freertos\libfreertos.a(queue.o)
                                 0x4d (size before relaxing)
                0x40085720                xQueueGenericCreate
 *fill*         0x40085769        0x3 
 .text.xQueueGetMutexHolder
                0x4008576c       0x23 C:/msys32/home/baabe/esp-idf/examples/get-started/adc/build/freertos\libfreertos.a(queue.o)
                0x4008576c                xQueueGetMutexHolder
 *fill*         0x4008578f        0x1 
 .text.xQueueCreateCountingSemaphore
                0x40085790       0x66 C:/msys32/home/baabe/esp-idf/examples/get-started/adc/build/freertos\libfreertos.a(queue.o)
                                 0x6a (size before relaxing)
                0x40085790                xQueueCreateCountingSemaphore
 *fill*         0x400857f6        0x2 
 .text.xQueueGenericSend
                0x400857f8      0x158 C:/msys32/home/baabe/esp-idf/examples/get-started/adc/build/freertos\libfreertos.a(queue.o)
                                0x18c (size before relaxing)
                0x400857f8                xQueueGenericSend
 .text.prvInitialiseMutex
                0x40085950       0x22 C:/msys32/home/baabe/esp-idf/examples/get-started/adc/build/freertos\libfreertos.a(queue.o)
                                 0x26 (size before relaxing)
 *fill*         0x40085972        0x2 
 .text.xQueueCreateMutex
                0x40085974       0x16 C:/msys32/home/baabe/esp-idf/examples/get-started/adc/build/freertos\libfreertos.a(queue.o)
                                 0x1a (size before relaxing)
                0x40085974                xQueueCreateMutex
 *fill*         0x4008598a        0x2 
 .text.xQueueGiveMutexRecursive
                0x4008598c       0x48 C:/msys32/home/baabe/esp-idf/examples/get-started/adc/build/freertos\libfreertos.a(queue.o)
                                 0x4c (size before relaxing)
                0x4008598c                xQueueGiveMutexRecursive
 .text.xQueueGenericSendFromISR
                0x400859d4       0xd6 C:/msys32/home/baabe/esp-idf/examples/get-started/adc/build/freertos\libfreertos.a(queue.o)
                                 0xe6 (size before relaxing)
                0x400859d4                xQueueGenericSendFromISR
 *fill*         0x40085aaa        0x2 
 .text.xQueueGiveFromISR
                0x40085aac       0xb6 C:/msys32/home/baabe/esp-idf/examples/get-started/adc/build/freertos\libfreertos.a(queue.o)
                                 0xc2 (size before relaxing)
                0x40085aac                xQueueGiveFromISR
 *fill*         0x40085b62        0x2 
 .text.xQueueGenericReceive
                0x40085b64      0x144 C:/msys32/home/baabe/esp-idf/examples/get-started/adc/build/freertos\libfreertos.a(queue.o)
                                0x178 (size before relaxing)
                0x40085b64                xQueueGenericReceive
 .text.xQueueTakeMutexRecursive
                0x40085ca8       0x51 C:/msys32/home/baabe/esp-idf/examples/get-started/adc/build/freertos\libfreertos.a(queue.o)
                0x40085ca8                xQueueTakeMutexRecursive
 *fill*         0x40085cf9        0x3 
 .text.xQueueReceiveFromISR
                0x40085cfc       0x96 C:/msys32/home/baabe/esp-idf/examples/get-started/adc/build/freertos\libfreertos.a(queue.o)
                                 0xa6 (size before relaxing)
                0x40085cfc                xQueueReceiveFromISR
 *fill*         0x40085d92        0x2 
 .text.vQueueDelete
                0x40085d94       0x28 C:/msys32/home/baabe/esp-idf/examples/get-started/adc/build/freertos\libfreertos.a(queue.o)
                0x40085d94                vQueueDelete
 .text.vQueueWaitForMessageRestricted
                0x40085dbc       0x23 C:/msys32/home/baabe/esp-idf/examples/get-started/adc/build/freertos\libfreertos.a(queue.o)
                                 0x2a (size before relaxing)
                0x40085dbc                vQueueWaitForMessageRestricted
 *fill*         0x40085ddf        0x1 
 .text.xt_unhandled_interrupt
                0x40085de0       0x16 C:/msys32/home/baabe/esp-idf/examples/get-started/adc/build/freertos\libfreertos.a(xtensa_intr.o)
                0x40085de0                xt_unhandled_interrupt
 *fill*         0x40085df6        0x2 
 .text.xt_set_interrupt_handler
                0x40085df8       0x46 C:/msys32/home/baabe/esp-idf/examples/get-started/adc/build/freertos\libfreertos.a(xtensa_intr.o)
                0x40085df8                xt_set_interrupt_handler
 *fill*         0x40085e3e        0x2 
 .text          0x40085e40      0x1d0 C:/msys32/home/baabe/esp-idf/examples/get-started/adc/build/freertos\libfreertos.a(portasm.o)
                0x40085e40                _frxt_setup_switch
                0x40085e58                _frxt_int_enter
                0x40085ea0                _frxt_int_exit
                0x40085ef0                _frxt_timer_int
                0x40085f18                _frxt_tick_timer_init
                0x40085f30                _frxt_dispatch
                0x40085f78                vPortYield
                0x40085fc4                vPortYieldFromInt
                0x40085fe4                _frxt_task_coproc_state
 .text          0x40086010      0x12b C:/msys32/home/baabe/esp-idf/examples/get-started/adc/build/freertos\libfreertos.a(xtensa_context.o)
                0x40086010                _xt_context_save
                0x40086078                _xt_context_restore
                0x400860bc                _xt_coproc_init
                0x400860d0                _xt_coproc_release
                0x400860fc                _xt_coproc_savecs
                0x4008611c                _xt_coproc_restorecs
 *fill*         0x4008613b        0x1 
 .text.prvGetNextExpireTime
                0x4008613c       0x20 C:/msys32/home/baabe/esp-idf/examples/get-started/adc/build/freertos\libfreertos.a(timers.o)
 .text.prvInsertTimerInActiveList
                0x4008615c       0x50 C:/msys32/home/baabe/esp-idf/examples/get-started/adc/build/freertos\libfreertos.a(timers.o)
                                 0x54 (size before relaxing)
 .text.prvCheckForValidListAndQueue
                0x400861ac       0x66 C:/msys32/home/baabe/esp-idf/examples/get-started/adc/build/freertos\libfreertos.a(timers.o)
                                 0x7e (size before relaxing)
 *fill*         0x40086212        0x2 
 .text.xTimerCreateTimerTask
                0x40086214       0x48 C:/msys32/home/baabe/esp-idf/examples/get-started/adc/build/freertos\libfreertos.a(timers.o)
                                 0x4c (size before relaxing)
                0x40086214                xTimerCreateTimerTask
 .text.xTimerGenericCommand
                0x4008625c       0x55 C:/msys32/home/baabe/esp-idf/examples/get-started/adc/build/freertos\libfreertos.a(timers.o)
                                 0x5d (size before relaxing)
                0x4008625c                xTimerGenericCommand
 *fill*         0x400862b1        0x3 
 .text.prvSwitchTimerLists
                0x400862b4       0x76 C:/msys32/home/baabe/esp-idf/examples/get-started/adc/build/freertos\libfreertos.a(timers.o)
                                 0x82 (size before relaxing)
 *fill*         0x4008632a        0x2 
 .text.prvSampleTimeNow
                0x4008632c       0x2b C:/msys32/home/baabe/esp-idf/examples/get-started/adc/build/freertos\libfreertos.a(timers.o)
                                 0x2f (size before relaxing)
 *fill*         0x40086357        0x1 
 .text.prvProcessExpiredTimer
                0x40086358       0x53 C:/msys32/home/baabe/esp-idf/examples/get-started/adc/build/freertos\libfreertos.a(timers.o)
                                 0x5f (size before relaxing)
 *fill*         0x400863ab        0x1 
 .text.prvProcessTimerOrBlockTask
                0x400863ac       0x58 C:/msys32/home/baabe/esp-idf/examples/get-started/adc/build/freertos\libfreertos.a(timers.o)
                                 0x6c (size before relaxing)
 .text.prvProcessReceivedCommands
                0x40086404       0xd6 C:/msys32/home/baabe/esp-idf/examples/get-started/adc/build/freertos\libfreertos.a(timers.o)
                                 0xe6 (size before relaxing)
 *fill*         0x400864da        0x2 
 .text.prvTimerTask
                0x400864dc       0x15 C:/msys32/home/baabe/esp-idf/examples/get-started/adc/build/freertos\libfreertos.a(timers.o)
                                 0x1d (size before relaxing)
 *fill*         0x400864f1        0x0 
 *fill*         0x400864f1        0x0 
 *fill*         0x400864f1        0x0 
 *fill*         0x400864f1        0x0 
 *fill*         0x400864f1        0x0 
 *fill*         0x400864f1        0x0 
 *fill*         0x400864f1        0x0 
 *fill*         0x400864f1        0x0 
 *fill*         0x400864f1        0x0 
 *fill*         0x400864f1        0x0 
 *fill*         0x400864f1        0x0 
 *fill*         0x400864f1        0x0 
 *fill*         0x400864f1        0x0 
 *fill*         0x400864f1        0x0 
 *fill*         0x400864f1        0x0 
 *fill*         0x400864f1        0x0 
 *fill*         0x400864f1        0x0 
 *fill*         0x400864f1        0x0 
 *fill*         0x400864f1        0x0 
 *fill*         0x400864f1        0x0 
 *fill*         0x400864f1        0x0 
 *fill*         0x400864f1        0x0 
 *fill*         0x400864f1        0x0 
 *fill*         0x400864f1        0x0 
 *fill*         0x400864f1        0x0 
 *fill*         0x400864f1        0x0 
 *fill*         0x400864f1        0x0 
 *fill*         0x400864f1        0x0 
 *fill*         0x400864f1        0x0 
 *fill*         0x400864f1        0x0 
 *fill*         0x400864f1        0x0 
 *fill*         0x400864f1        0x0 
 *fill*         0x400864f1        0x3 
 .text.vPortStoreTaskMPUSettings
                0x400864f4       0x13 C:/msys32/home/baabe/esp-idf/examples/get-started/adc/build/freertos\libfreertos.a(port.o)
                0x400864f4                vPortStoreTaskMPUSettings
 *fill*         0x40086507        0x0 
 *fill*         0x40086507        0x0 
 *fill*         0x40086507        0x0 
 *fill*         0x40086507        0x0 
 *fill*         0x40086507        0x1 
 .text.vListInitialise
                0x40086508       0x15 C:/msys32/home/baabe/esp-idf/examples/get-started/adc/build/freertos\libfreertos.a(list.o)
                0x40086508                vListInitialise
 *fill*         0x4008651d        0x3 
 .text.vListInitialiseItem
                0x40086520        0x9 C:/msys32/home/baabe/esp-idf/examples/get-started/adc/build/freertos\libfreertos.a(list.o)
                0x40086520                vListInitialiseItem
 *fill*         0x40086529        0x3 
 .text.vListInsertEnd
                0x4008652c       0x1b C:/msys32/home/baabe/esp-idf/examples/get-started/adc/build/freertos\libfreertos.a(list.o)
                0x4008652c                vListInsertEnd
 *fill*         0x40086547        0x1 
 .text.vListInsert
                0x40086548       0x2f C:/msys32/home/baabe/esp-idf/examples/get-started/adc/build/freertos\libfreertos.a(list.o)
                0x40086548                vListInsert
 *fill*         0x40086577        0x1 
 .text.uxListRemove
                0x40086578       0x26 C:/msys32/home/baabe/esp-idf/examples/get-started/adc/build/freertos\libfreertos.a(list.o)
                0x40086578                uxListRemove
 *fill*         0x4008659e        0x2 
 .text.prvIsQueueEmpty
                0x400865a0       0x12 C:/msys32/home/baabe/esp-idf/examples/get-started/adc/build/freertos\libfreertos.a(queue.o)
 *fill*         0x400865b2        0x0 
 *fill*         0x400865b2        0x0 
 *fill*         0x400865b2        0x0 
 *fill*         0x400865b2        0x0 
 *fill*         0x400865b2        0x0 
 *fill*         0x400865b2        0x0 
 *fill*         0x400865b2        0x0 
 *fill*         0x400865b2        0x0 
 *fill*         0x400865b2        0x0 
 *fill*         0x400865b2        0x0 
 *fill*         0x400865b2        0x0 
 *fill*         0x400865b2        0x0 
 *fill*         0x400865b2        0x0 
 *fill*         0x400865b2        0x0 
 *fill*         0x400865b2        0x0 
 *fill*         0x400865b2        0x0 
 *fill*         0x400865b2        0x0 
 *fill*         0x400865b2        0x0 
 *fill*         0x400865b2        0x2 
 .text          0x400865b4       0x33 C:/msys32/home/baabe/esp-idf/examples/get-started/adc/build/freertos\libfreertos.a(xtensa_intr_asm.o)
                0x400865b4                xt_ints_on
                0x400865cc                xt_ints_off
 *fill*         0x400865e7        0x0 
 *fill*         0x400865e7        0x0 
 *fill*         0x400865e7        0x0 
 *fill*         0x400865e7        0x0 
 *fill*         0x400865e7        0x0 
 *fill*         0x400865e7        0x0 
 *fill*         0x400865e7        0x0 
 *libheap.a:multi_heap.o(.literal .text .literal.* .text.*)
 *fill*         0x400865e7        0x1 
 .text.get_prev_free_block
                0x400865e8       0x68 C:/msys32/home/baabe/esp-idf/examples/get-started/adc/build/heap\libheap.a(multi_heap.o)
                                 0x77 (size before relaxing)
 *fill*         0x40086650        0x0 
 .text.split_if_necessary
                0x40086650      0x138 C:/msys32/home/baabe/esp-idf/examples/get-started/adc/build/heap\libheap.a(multi_heap.o)
                                0x148 (size before relaxing)
 .text.assert_valid_block